Archive member included to satisfy reference by file (symbol)

c:/program files (x86)/atmel/studio/7.0/toolchain/avr8/avr8-gnu-toolchain/bin/../lib/gcc/avr/5.4.0/avrxmega2\libgcc.a(_exit.o)
                              C:/Program Files (x86)/Atmel/Studio/7.0/Packs/atmel/XMEGAA_DFP/1.1.68/gcc/dev/atxmega32a4u/avrxmega2/crtatxmega32a4u.o (exit)
c:/program files (x86)/atmel/studio/7.0/toolchain/avr8/avr8-gnu-toolchain/bin/../lib/gcc/avr/5.4.0/avrxmega2\libgcc.a(_tablejump2.o)
                              sensors.o (__tablejump2__)
c:/program files (x86)/atmel/studio/7.0/toolchain/avr8/avr8-gnu-toolchain/bin/../lib/gcc/avr/5.4.0/avrxmega2\libgcc.a(_copy_data.o)
                              sensors.o (__do_copy_data)
c:/program files (x86)/atmel/studio/7.0/toolchain/avr8/avr8-gnu-toolchain/bin/../lib/gcc/avr/5.4.0/avrxmega2\libgcc.a(_clear_bss.o)
                              adc.o (__do_clear_bss)
c:/program files (x86)/atmel/studio/7.0/toolchain/avr8/avr8-gnu-toolchain/bin/../lib/gcc/avr/5.4.0/avrxmega2\libgcc.a(_umulhisi3.o)
                              adc.o (__umulhisi3)

Allocating common symbols
Common symbol       size              file

D                   0x2               main.o
vregs_buffer        0x105             virtual_register.o
errors_array        0x3fc             error.o
laptop_flag         0x1               adc.o
DutyCycle           0x1               io.o
pms_next_state      0x1               fsm.o
twiMaster           0x19              sensors.o
pms_state           0x1               fsm.o
twiSlave            0x19              main.o
PowerOld            0x1               main.o
R                   0x2               main.o
offset              0x1               adc.o
LastStep            0x1               main.o
vregs               0x105             virtual_register.o
set                 0x1               main.o

Discarded input sections

 .data          0x00000000        0x0 C:/Program Files (x86)/Atmel/Studio/7.0/Packs/atmel/XMEGAA_DFP/1.1.68/gcc/dev/atxmega32a4u/avrxmega2/crtatxmega32a4u.o
 .bss           0x00000000        0x0 C:/Program Files (x86)/Atmel/Studio/7.0/Packs/atmel/XMEGAA_DFP/1.1.68/gcc/dev/atxmega32a4u/avrxmega2/crtatxmega32a4u.o
 .text          0x00000000        0x0 adc.o
 .data          0x00000000        0x0 adc.o
 .bss           0x00000000        0x0 adc.o
 .text.Read_adc
                0x00000000      0x12e adc.o
 .text.ADC_Wait_8MHz
                0x00000000       0x16 adc.o
 .text.ReadCalibrationByte
                0x00000000       0x12 adc.o
 .text.adc_init
                0x00000000       0x72 adc.o
 .text          0x00000000        0x0 error.o
 .data          0x00000000        0x0 error.o
 .bss           0x00000000        0x0 error.o
 .text          0x00000000        0x0 fsm.o
 .data          0x00000000        0x0 fsm.o
 .bss           0x00000000        0x0 fsm.o
 .text          0x00000000        0x0 io.o
 .data          0x00000000        0x0 io.o
 .bss           0x00000000        0x0 io.o
 .text          0x00000000        0x0 main.o
 .data          0x00000000        0x0 main.o
 .bss           0x00000000        0x0 main.o
 .text          0x00000000        0x0 mppt.o
 .data          0x00000000        0x0 mppt.o
 .bss           0x00000000        0x0 mppt.o
 .text          0x00000000        0x0 pwm.o
 .data          0x00000000        0x0 pwm.o
 .bss           0x00000000        0x0 pwm.o
 .text.SetDutyCycle
                0x00000000       0x22 pwm.o
 .text          0x00000000        0x0 rheostat.o
 .data          0x00000000        0x0 rheostat.o
 .bss           0x00000000        0x0 rheostat.o
 .text.set_Rheostat
                0x00000000       0x3c rheostat.o
 .text.read_Rheostat
                0x00000000       0x4e rheostat.o
 .debug_info    0x00000000      0x3c6 rheostat.o
 .debug_abbrev  0x00000000      0x134 rheostat.o
 .debug_loc     0x00000000       0xd7 rheostat.o
 .debug_aranges
                0x00000000       0x28 rheostat.o
 .debug_ranges  0x00000000       0x18 rheostat.o
 .debug_line    0x00000000      0x1a3 rheostat.o
 .debug_str     0x00000000      0x301 rheostat.o
 .comment       0x00000000       0x31 rheostat.o
 .debug_frame   0x00000000       0x64 rheostat.o
 .text          0x00000000        0x0 sensors.o
 .data          0x00000000        0x0 sensors.o
 .bss           0x00000000        0x0 sensors.o
 .text.Check_And_Write_Battery_Registers
                0x00000000      0x1ce sensors.o
 .progmem.gcc_sw_table.Check_And_Write_Battery_Registers
                0x00000000       0x90 sensors.o
 .rodata        0x00000000        0xb sensors.o
 .text.Read_Battery_Registers
                0x00000000       0x9a sensors.o
 .text          0x00000000        0x0 twi_master_driver.o
 .data          0x00000000        0x0 twi_master_driver.o
 .bss           0x00000000        0x0 twi_master_driver.o
 .text.TWI_MasterState
                0x00000000        0xc twi_master_driver.o
 .text.TWI_MasterReady
                0x00000000        0x8 twi_master_driver.o
 .text.TWI_MasterWrite
                0x00000000        0xc twi_master_driver.o
 .text.TWI_MasterRead
                0x00000000       0x12 twi_master_driver.o
 .text.TWI_MasterTransactionFinished
                0x00000000        0x8 twi_master_driver.o
 .text          0x00000000        0x0 twi_slave_driver.o
 .data          0x00000000        0x0 twi_slave_driver.o
 .bss           0x00000000        0x0 twi_slave_driver.o
 .text.TWI_SlaveTransactionFinished
                0x00000000        0x8 twi_slave_driver.o
 .text          0x00000000        0x0 virtual_register.o
 .data          0x00000000        0x0 virtual_register.o
 .bss           0x00000000        0x0 virtual_register.o
 .text.vregs_get_buffer_address
                0x00000000       0x20 virtual_register.o
 .text          0x00000000        0x0 watchdog.o
 .data          0x00000000        0x0 watchdog.o
 .bss           0x00000000        0x0 watchdog.o
 .text          0x00000000        0x0 wdt_driver.o
 .data          0x00000000        0x0 wdt_driver.o
 .bss           0x00000000        0x0 wdt_driver.o
 .text.WDT_Enable
                0x00000000       0x16 wdt_driver.o
 .text.WDT_EnableAndSetTimeout
                0x00000000       0x16 wdt_driver.o
 .text.WDT_Disable
                0x00000000       0x12 wdt_driver.o
 .text.WDT_IsWindowModeEnabled
                0x00000000        0xa wdt_driver.o
 .text.WDT_EnableWindowMode
                0x00000000       0x22 wdt_driver.o
 .text.WDT_EnableWindowModeAndSetTimeout
                0x00000000       0x20 wdt_driver.o
 .text.WDT_DisableWindowMode
                0x00000000       0x12 wdt_driver.o
 .debug_info    0x00000000      0x312 wdt_driver.o
 .debug_abbrev  0x00000000      0x100 wdt_driver.o
 .debug_loc     0x00000000       0xd5 wdt_driver.o
 .debug_aranges
                0x00000000       0x50 wdt_driver.o
 .debug_ranges  0x00000000       0x40 wdt_driver.o
 .debug_line    0x00000000      0x240 wdt_driver.o
 .debug_str     0x00000000      0x43a wdt_driver.o
 .comment       0x00000000       0x31 wdt_driver.o
 .debug_frame   0x00000000       0x84 wdt_driver.o
 .text          0x00000000        0x0 zebro_alert.o
 .data          0x00000000        0x0 zebro_alert.o
 .bss           0x00000000        0x0 zebro_alert.o
 .text.clear_zebro_alert
                0x00000000        0xc zebro_alert.o
 .text          0x00000000        0x0 c:/program files (x86)/atmel/studio/7.0/toolchain/avr8/avr8-gnu-toolchain/bin/../lib/gcc/avr/5.4.0/avrxmega2\libgcc.a(_exit.o)
 .data          0x00000000        0x0 c:/program files (x86)/atmel/studio/7.0/toolchain/avr8/avr8-gnu-toolchain/bin/../lib/gcc/avr/5.4.0/avrxmega2\libgcc.a(_exit.o)
 .bss           0x00000000        0x0 c:/program files (x86)/atmel/studio/7.0/toolchain/avr8/avr8-gnu-toolchain/bin/../lib/gcc/avr/5.4.0/avrxmega2\libgcc.a(_exit.o)
 .text.libgcc.mul
                0x00000000        0x0 c:/program files (x86)/atmel/studio/7.0/toolchain/avr8/avr8-gnu-toolchain/bin/../lib/gcc/avr/5.4.0/avrxmega2\libgcc.a(_exit.o)
 .text.libgcc.div
                0x00000000        0x0 c:/program files (x86)/atmel/studio/7.0/toolchain/avr8/avr8-gnu-toolchain/bin/../lib/gcc/avr/5.4.0/avrxmega2\libgcc.a(_exit.o)
 .text.libgcc   0x00000000        0x0 c:/program files (x86)/atmel/studio/7.0/toolchain/avr8/avr8-gnu-toolchain/bin/../lib/gcc/avr/5.4.0/avrxmega2\libgcc.a(_exit.o)
 .text.libgcc.prologue
                0x00000000        0x0 c:/program files (x86)/atmel/studio/7.0/toolchain/avr8/avr8-gnu-toolchain/bin/../lib/gcc/avr/5.4.0/avrxmega2\libgcc.a(_exit.o)
 .text.libgcc.builtins
                0x00000000        0x0 c:/program files (x86)/atmel/studio/7.0/toolchain/avr8/avr8-gnu-toolchain/bin/../lib/gcc/avr/5.4.0/avrxmega2\libgcc.a(_exit.o)
 .text.libgcc.fmul
                0x00000000        0x0 c:/program files (x86)/atmel/studio/7.0/toolchain/avr8/avr8-gnu-toolchain/bin/../lib/gcc/avr/5.4.0/avrxmega2\libgcc.a(_exit.o)
 .text.libgcc.fixed
                0x00000000        0x0 c:/program files (x86)/atmel/studio/7.0/toolchain/avr8/avr8-gnu-toolchain/bin/../lib/gcc/avr/5.4.0/avrxmega2\libgcc.a(_exit.o)
 .text          0x00000000        0x0 c:/program files (x86)/atmel/studio/7.0/toolchain/avr8/avr8-gnu-toolchain/bin/../lib/gcc/avr/5.4.0/avrxmega2\libgcc.a(_tablejump2.o)
 .data          0x00000000        0x0 c:/program files (x86)/atmel/studio/7.0/toolchain/avr8/avr8-gnu-toolchain/bin/../lib/gcc/avr/5.4.0/avrxmega2\libgcc.a(_tablejump2.o)
 .bss           0x00000000        0x0 c:/program files (x86)/atmel/studio/7.0/toolchain/avr8/avr8-gnu-toolchain/bin/../lib/gcc/avr/5.4.0/avrxmega2\libgcc.a(_tablejump2.o)
 .text.libgcc.mul
                0x00000000        0x0 c:/program files (x86)/atmel/studio/7.0/toolchain/avr8/avr8-gnu-toolchain/bin/../lib/gcc/avr/5.4.0/avrxmega2\libgcc.a(_tablejump2.o)
 .text.libgcc.div
                0x00000000        0x0 c:/program files (x86)/atmel/studio/7.0/toolchain/avr8/avr8-gnu-toolchain/bin/../lib/gcc/avr/5.4.0/avrxmega2\libgcc.a(_tablejump2.o)
 .text.libgcc   0x00000000        0xc c:/program files (x86)/atmel/studio/7.0/toolchain/avr8/avr8-gnu-toolchain/bin/../lib/gcc/avr/5.4.0/avrxmega2\libgcc.a(_tablejump2.o)
 .text.libgcc.prologue
                0x00000000        0x0 c:/program files (x86)/atmel/studio/7.0/toolchain/avr8/avr8-gnu-toolchain/bin/../lib/gcc/avr/5.4.0/avrxmega2\libgcc.a(_tablejump2.o)
 .text.libgcc.builtins
                0x00000000        0x0 c:/program files (x86)/atmel/studio/7.0/toolchain/avr8/avr8-gnu-toolchain/bin/../lib/gcc/avr/5.4.0/avrxmega2\libgcc.a(_tablejump2.o)
 .text.libgcc.fmul
                0x00000000        0x0 c:/program files (x86)/atmel/studio/7.0/toolchain/avr8/avr8-gnu-toolchain/bin/../lib/gcc/avr/5.4.0/avrxmega2\libgcc.a(_tablejump2.o)
 .text.libgcc.fixed
                0x00000000        0x0 c:/program files (x86)/atmel/studio/7.0/toolchain/avr8/avr8-gnu-toolchain/bin/../lib/gcc/avr/5.4.0/avrxmega2\libgcc.a(_tablejump2.o)
 .text          0x00000000        0x0 c:/program files (x86)/atmel/studio/7.0/toolchain/avr8/avr8-gnu-toolchain/bin/../lib/gcc/avr/5.4.0/avrxmega2\libgcc.a(_copy_data.o)
 .data          0x00000000        0x0 c:/program files (x86)/atmel/studio/7.0/toolchain/avr8/avr8-gnu-toolchain/bin/../lib/gcc/avr/5.4.0/avrxmega2\libgcc.a(_copy_data.o)
 .bss           0x00000000        0x0 c:/program files (x86)/atmel/studio/7.0/toolchain/avr8/avr8-gnu-toolchain/bin/../lib/gcc/avr/5.4.0/avrxmega2\libgcc.a(_copy_data.o)
 .text.libgcc.mul
                0x00000000        0x0 c:/program files (x86)/atmel/studio/7.0/toolchain/avr8/avr8-gnu-toolchain/bin/../lib/gcc/avr/5.4.0/avrxmega2\libgcc.a(_copy_data.o)
 .text.libgcc.div
                0x00000000        0x0 c:/program files (x86)/atmel/studio/7.0/toolchain/avr8/avr8-gnu-toolchain/bin/../lib/gcc/avr/5.4.0/avrxmega2\libgcc.a(_copy_data.o)
 .text.libgcc   0x00000000        0x0 c:/program files (x86)/atmel/studio/7.0/toolchain/avr8/avr8-gnu-toolchain/bin/../lib/gcc/avr/5.4.0/avrxmega2\libgcc.a(_copy_data.o)
 .text.libgcc.prologue
                0x00000000        0x0 c:/program files (x86)/atmel/studio/7.0/toolchain/avr8/avr8-gnu-toolchain/bin/../lib/gcc/avr/5.4.0/avrxmega2\libgcc.a(_copy_data.o)
 .text.libgcc.builtins
                0x00000000        0x0 c:/program files (x86)/atmel/studio/7.0/toolchain/avr8/avr8-gnu-toolchain/bin/../lib/gcc/avr/5.4.0/avrxmega2\libgcc.a(_copy_data.o)
 .text.libgcc.fmul
                0x00000000        0x0 c:/program files (x86)/atmel/studio/7.0/toolchain/avr8/avr8-gnu-toolchain/bin/../lib/gcc/avr/5.4.0/avrxmega2\libgcc.a(_copy_data.o)
 .text.libgcc.fixed
                0x00000000        0x0 c:/program files (x86)/atmel/studio/7.0/toolchain/avr8/avr8-gnu-toolchain/bin/../lib/gcc/avr/5.4.0/avrxmega2\libgcc.a(_copy_data.o)
 .text          0x00000000        0x0 c:/program files (x86)/atmel/studio/7.0/toolchain/avr8/avr8-gnu-toolchain/bin/../lib/gcc/avr/5.4.0/avrxmega2\libgcc.a(_clear_bss.o)
 .data          0x00000000        0x0 c:/program files (x86)/atmel/studio/7.0/toolchain/avr8/avr8-gnu-toolchain/bin/../lib/gcc/avr/5.4.0/avrxmega2\libgcc.a(_clear_bss.o)
 .bss           0x00000000        0x0 c:/program files (x86)/atmel/studio/7.0/toolchain/avr8/avr8-gnu-toolchain/bin/../lib/gcc/avr/5.4.0/avrxmega2\libgcc.a(_clear_bss.o)
 .text.libgcc.mul
                0x00000000        0x0 c:/program files (x86)/atmel/studio/7.0/toolchain/avr8/avr8-gnu-toolchain/bin/../lib/gcc/avr/5.4.0/avrxmega2\libgcc.a(_clear_bss.o)
 .text.libgcc.div
                0x00000000        0x0 c:/program files (x86)/atmel/studio/7.0/toolchain/avr8/avr8-gnu-toolchain/bin/../lib/gcc/avr/5.4.0/avrxmega2\libgcc.a(_clear_bss.o)
 .text.libgcc   0x00000000        0x0 c:/program files (x86)/atmel/studio/7.0/toolchain/avr8/avr8-gnu-toolchain/bin/../lib/gcc/avr/5.4.0/avrxmega2\libgcc.a(_clear_bss.o)
 .text.libgcc.prologue
                0x00000000        0x0 c:/program files (x86)/atmel/studio/7.0/toolchain/avr8/avr8-gnu-toolchain/bin/../lib/gcc/avr/5.4.0/avrxmega2\libgcc.a(_clear_bss.o)
 .text.libgcc.builtins
                0x00000000        0x0 c:/program files (x86)/atmel/studio/7.0/toolchain/avr8/avr8-gnu-toolchain/bin/../lib/gcc/avr/5.4.0/avrxmega2\libgcc.a(_clear_bss.o)
 .text.libgcc.fmul
                0x00000000        0x0 c:/program files (x86)/atmel/studio/7.0/toolchain/avr8/avr8-gnu-toolchain/bin/../lib/gcc/avr/5.4.0/avrxmega2\libgcc.a(_clear_bss.o)
 .text.libgcc.fixed
                0x00000000        0x0 c:/program files (x86)/atmel/studio/7.0/toolchain/avr8/avr8-gnu-toolchain/bin/../lib/gcc/avr/5.4.0/avrxmega2\libgcc.a(_clear_bss.o)
 .text          0x00000000        0x0 c:/program files (x86)/atmel/studio/7.0/toolchain/avr8/avr8-gnu-toolchain/bin/../lib/gcc/avr/5.4.0/avrxmega2\libgcc.a(_umulhisi3.o)
 .data          0x00000000        0x0 c:/program files (x86)/atmel/studio/7.0/toolchain/avr8/avr8-gnu-toolchain/bin/../lib/gcc/avr/5.4.0/avrxmega2\libgcc.a(_umulhisi3.o)
 .bss           0x00000000        0x0 c:/program files (x86)/atmel/studio/7.0/toolchain/avr8/avr8-gnu-toolchain/bin/../lib/gcc/avr/5.4.0/avrxmega2\libgcc.a(_umulhisi3.o)
 .text.libgcc.mul
                0x00000000       0x1e c:/program files (x86)/atmel/studio/7.0/toolchain/avr8/avr8-gnu-toolchain/bin/../lib/gcc/avr/5.4.0/avrxmega2\libgcc.a(_umulhisi3.o)
 .text.libgcc.div
                0x00000000        0x0 c:/program files (x86)/atmel/studio/7.0/toolchain/avr8/avr8-gnu-toolchain/bin/../lib/gcc/avr/5.4.0/avrxmega2\libgcc.a(_umulhisi3.o)
 .text.libgcc   0x00000000        0x0 c:/program files (x86)/atmel/studio/7.0/toolchain/avr8/avr8-gnu-toolchain/bin/../lib/gcc/avr/5.4.0/avrxmega2\libgcc.a(_umulhisi3.o)
 .text.libgcc.prologue
                0x00000000        0x0 c:/program files (x86)/atmel/studio/7.0/toolchain/avr8/avr8-gnu-toolchain/bin/../lib/gcc/avr/5.4.0/avrxmega2\libgcc.a(_umulhisi3.o)
 .text.libgcc.builtins
                0x00000000        0x0 c:/program files (x86)/atmel/studio/7.0/toolchain/avr8/avr8-gnu-toolchain/bin/../lib/gcc/avr/5.4.0/avrxmega2\libgcc.a(_umulhisi3.o)
 .text.libgcc.fmul
                0x00000000        0x0 c:/program files (x86)/atmel/studio/7.0/toolchain/avr8/avr8-gnu-toolchain/bin/../lib/gcc/avr/5.4.0/avrxmega2\libgcc.a(_umulhisi3.o)
 .text.libgcc.fixed
                0x00000000        0x0 c:/program files (x86)/atmel/studio/7.0/toolchain/avr8/avr8-gnu-toolchain/bin/../lib/gcc/avr/5.4.0/avrxmega2\libgcc.a(_umulhisi3.o)

Memory Configuration

Name             Origin             Length             Attributes
text             0x00000000         0x00100000         xr
data             0x00802000         0x0000ffa0         rw !x
eeprom           0x00810000         0x00010000         rw !x
fuse             0x00820000         0x00000006         rw !x
lock             0x00830000         0x00000400         rw !x
signature        0x00840000         0x00000400         rw !x
user_signatures  0x00850000         0x00000400         rw !x
*default*        0x00000000         0xffffffff

Linker script and memory map

LOAD C:/Program Files (x86)/Atmel/Studio/7.0/Packs/atmel/XMEGAA_DFP/1.1.68/gcc/dev/atxmega32a4u/avrxmega2/crtatxmega32a4u.o
LOAD adc.o
LOAD error.o
LOAD fsm.o
LOAD io.o
LOAD main.o
LOAD mppt.o
LOAD pwm.o
LOAD rheostat.o
LOAD sensors.o
LOAD twi_master_driver.o
LOAD twi_slave_driver.o
LOAD virtual_register.o
LOAD watchdog.o
LOAD wdt_driver.o
LOAD zebro_alert.o
START GROUP
LOAD c:/program files (x86)/atmel/studio/7.0/toolchain/avr8/avr8-gnu-toolchain/bin/../lib/gcc/avr/5.4.0/../../../../avr/lib/avrxmega2\libm.a
END GROUP
START GROUP
LOAD c:/program files (x86)/atmel/studio/7.0/toolchain/avr8/avr8-gnu-toolchain/bin/../lib/gcc/avr/5.4.0/avrxmega2\libgcc.a
LOAD c:/program files (x86)/atmel/studio/7.0/toolchain/avr8/avr8-gnu-toolchain/bin/../lib/gcc/avr/5.4.0/../../../../avr/lib/avrxmega2\libm.a
LOAD c:/program files (x86)/atmel/studio/7.0/toolchain/avr8/avr8-gnu-toolchain/bin/../lib/gcc/avr/5.4.0/../../../../avr/lib/avrxmega2\libc.a
LOAD C:/Program Files (x86)/Atmel/Studio/7.0/Packs/atmel/XMEGAA_DFP/1.1.68/gcc/dev/atxmega32a4u/avrxmega2\libatxmega32a4u.a
END GROUP
                0x00100000                __TEXT_REGION_LENGTH__ = DEFINED (__TEXT_REGION_LENGTH__)?__TEXT_REGION_LENGTH__:0x100000
                0x0000ffa0                __DATA_REGION_LENGTH__ = DEFINED (__DATA_REGION_LENGTH__)?__DATA_REGION_LENGTH__:0xffa0
                0x00010000                __EEPROM_REGION_LENGTH__ = DEFINED (__EEPROM_REGION_LENGTH__)?__EEPROM_REGION_LENGTH__:0x10000
                [0x00000006]                __FUSE_REGION_LENGTH__ = DEFINED (__FUSE_REGION_LENGTH__)?__FUSE_REGION_LENGTH__:0x400
                0x00000400                __LOCK_REGION_LENGTH__ = DEFINED (__LOCK_REGION_LENGTH__)?__LOCK_REGION_LENGTH__:0x400
                0x00000400                __SIGNATURE_REGION_LENGTH__ = DEFINED (__SIGNATURE_REGION_LENGTH__)?__SIGNATURE_REGION_LENGTH__:0x400
                0x00000400                __USER_SIGNATURE_REGION_LENGTH__ = DEFINED (__USER_SIGNATURE_REGION_LENGTH__)?__USER_SIGNATURE_REGION_LENGTH__:0x400

.hash
 *(.hash)

.dynsym
 *(.dynsym)

.dynstr
 *(.dynstr)

.gnu.version
 *(.gnu.version)

.gnu.version_d
 *(.gnu.version_d)

.gnu.version_r
 *(.gnu.version_r)

.rel.init
 *(.rel.init)

.rela.init
 *(.rela.init)

.rel.text
 *(.rel.text)
 *(.rel.text.*)
 *(.rel.gnu.linkonce.t*)

.rela.text
 *(.rela.text)
 *(.rela.text.*)
 *(.rela.gnu.linkonce.t*)

.rel.fini
 *(.rel.fini)

.rela.fini
 *(.rela.fini)

.rel.rodata
 *(.rel.rodata)
 *(.rel.rodata.*)
 *(.rel.gnu.linkonce.r*)

.rela.rodata
 *(.rela.rodata)
 *(.rela.rodata.*)
 *(.rela.gnu.linkonce.r*)

.rel.data
 *(.rel.data)
 *(.rel.data.*)
 *(.rel.gnu.linkonce.d*)

.rela.data
 *(.rela.data)
 *(.rela.data.*)
 *(.rela.gnu.linkonce.d*)

.rel.ctors
 *(.rel.ctors)

.rela.ctors
 *(.rela.ctors)

.rel.dtors
 *(.rel.dtors)

.rela.dtors
 *(.rela.dtors)

.rel.got
 *(.rel.got)

.rela.got
 *(.rela.got)

.rel.bss
 *(.rel.bss)

.rela.bss
 *(.rela.bss)

.rel.plt
 *(.rel.plt)

.rela.plt
 *(.rela.plt)

.text           0x00000000     0x163a
 *(.vectors)
 .vectors       0x00000000      0x1fc C:/Program Files (x86)/Atmel/Studio/7.0/Packs/atmel/XMEGAA_DFP/1.1.68/gcc/dev/atxmega32a4u/avrxmega2/crtatxmega32a4u.o
                0x00000000                __vector_default
                0x00000000                __vectors
 *(.vectors)
 *(.progmem.gcc*)
                0x000001fc                . = ALIGN (0x2)
                0x000001fc                __trampolines_start = .
 *(.trampolines)
 .trampolines   0x000001fc        0x0 linker stubs
 *(.trampolines*)
                0x000001fc                __trampolines_end = .
 *libprintf_flt.a:*(.progmem.data)
 *libc.a:*(.progmem.data)
 *(.progmem*)
                0x000001fc                . = ALIGN (0x2)
 *(.jumptables)
 *(.jumptables*)
 *(.lowtext)
 *(.lowtext*)
                0x000001fc                __ctors_start = .
 *(.ctors)
                0x000001fc                __ctors_end = .
                0x000001fc                __dtors_start = .
 *(.dtors)
                0x000001fc                __dtors_end = .
 SORT(*)(.ctors)
 SORT(*)(.dtors)
 *(.init0)
 .init0         0x000001fc        0x0 C:/Program Files (x86)/Atmel/Studio/7.0/Packs/atmel/XMEGAA_DFP/1.1.68/gcc/dev/atxmega32a4u/avrxmega2/crtatxmega32a4u.o
                0x000001fc                __init
 *(.init0)
 *(.init1)
 *(.init1)
 *(.init2)
 .init2         0x000001fc        0xc C:/Program Files (x86)/Atmel/Studio/7.0/Packs/atmel/XMEGAA_DFP/1.1.68/gcc/dev/atxmega32a4u/avrxmega2/crtatxmega32a4u.o
 *(.init2)
 *(.init3)
 *(.init3)
 *(.init4)
 .init4         0x00000208       0x16 c:/program files (x86)/atmel/studio/7.0/toolchain/avr8/avr8-gnu-toolchain/bin/../lib/gcc/avr/5.4.0/avrxmega2\libgcc.a(_copy_data.o)
                0x00000208                __do_copy_data
 .init4         0x0000021e       0x10 c:/program files (x86)/atmel/studio/7.0/toolchain/avr8/avr8-gnu-toolchain/bin/../lib/gcc/avr/5.4.0/avrxmega2\libgcc.a(_clear_bss.o)
                0x0000021e                __do_clear_bss
 *(.init4)
 *(.init5)
 *(.init5)
 *(.init6)
 *(.init6)
 *(.init7)
 *(.init7)
 *(.init8)
 *(.init8)
 *(.init9)
 .init9         0x0000022e        0x8 C:/Program Files (x86)/Atmel/Studio/7.0/Packs/atmel/XMEGAA_DFP/1.1.68/gcc/dev/atxmega32a4u/avrxmega2/crtatxmega32a4u.o
 *(.init9)
 *(.text)
 .text          0x00000236        0x4 C:/Program Files (x86)/Atmel/Studio/7.0/Packs/atmel/XMEGAA_DFP/1.1.68/gcc/dev/atxmega32a4u/avrxmega2/crtatxmega32a4u.o
                0x00000236                __vector_38
                0x00000236                __vector_104
                0x00000236                __vector_22
                0x00000236                __vector_63
                0x00000236                __vector_28
                0x00000236                __vector_67
                0x00000236                __vector_1
                0x00000236                __vector_119
                0x00000236                __vector_32
                0x00000236                __vector_75
                0x00000236                __vector_71
                0x00000236                __vector_91
                0x00000236                __vector_62
                0x00000236                __vector_77
                0x00000236                __vector_102
                0x00000236                __vector_24
                0x00000236                __vector_55
                0x00000236                __vector_69
                0x00000236                __vector_81
                0x00000236                __vector_90
                0x00000236                __bad_interrupt
                0x00000236                __vector_122
                0x00000236                __vector_72
                0x00000236                __vector_114
                0x00000236                __vector_6
                0x00000236                __vector_110
                0x00000236                __vector_31
                0x00000236                __vector_92
                0x00000236                __vector_35
                0x00000236                __vector_78
                0x00000236                __vector_74
                0x00000236                __vector_117
                0x00000236                __vector_39
                0x00000236                __vector_107
                0x00000236                __vector_3
                0x00000236                __vector_105
                0x00000236                __vector_98
                0x00000236                __vector_23
                0x00000236                __vector_68
                0x00000236                __vector_30
                0x00000236                __vector_73
                0x00000236                __vector_45
                0x00000236                __vector_25
                0x00000236                __vector_93
                0x00000236                __vector_61
                0x00000236                __vector_11
                0x00000236                __vector_54
                0x00000236                __vector_99
                0x00000236                __vector_13
                0x00000236                __vector_17
                0x00000236                __vector_19
                0x00000236                __vector_56
                0x00000236                __vector_7
                0x00000236                __vector_125
                0x00000236                __vector_49
                0x00000236                __vector_123
                0x00000236                __vector_41
                0x00000236                __vector_86
                0x00000236                __vector_100
                0x00000236                __vector_101
                0x00000236                __vector_64
                0x00000236                __vector_88
                0x00000236                __vector_109
                0x00000236                __vector_43
                0x00000236                __vector_27
                0x00000236                __vector_5
                0x00000236                __vector_113
                0x00000236                __vector_33
                0x00000236                __vector_76
                0x00000236                __vector_115
                0x00000236                __vector_47
                0x00000236                __vector_52
                0x00000236                __vector_37
                0x00000236                __vector_95
                0x00000236                __vector_103
                0x00000236                __vector_96
                0x00000236                __vector_89
                0x00000236                __vector_108
                0x00000236                __vector_4
                0x00000236                __vector_44
                0x00000236                __vector_82
                0x00000236                __vector_106
                0x00000236                __vector_118
                0x00000236                __vector_51
                0x00000236                __vector_9
                0x00000236                __vector_2
                0x00000236                __vector_21
                0x00000236                __vector_15
                0x00000236                __vector_66
                0x00000236                __vector_36
                0x00000236                __vector_79
                0x00000236                __vector_58
                0x00000236                __vector_70
                0x00000236                __vector_83
                0x00000236                __vector_29
                0x00000236                __vector_60
                0x00000236                __vector_121
                0x00000236                __vector_40
                0x00000236                __vector_85
                0x00000236                __vector_94
                0x00000236                __vector_126
                0x00000236                __vector_8
                0x00000236                __vector_26
                0x00000236                __vector_48
                0x00000236                __vector_124
                0x00000236                __vector_116
                0x00000236                __vector_112
                0x00000236                __vector_111
                0x00000236                __vector_80
                0x00000236                __vector_14
                0x00000236                __vector_84
                0x00000236                __vector_57
                0x00000236                __vector_53
                0x00000236                __vector_10
                0x00000236                __vector_50
                0x00000236                __vector_16
                0x00000236                __vector_59
                0x00000236                __vector_18
                0x00000236                __vector_97
                0x00000236                __vector_20
                0x00000236                __vector_42
                0x00000236                __vector_87
                0x00000236                __vector_65
                0x00000236                __vector_120
                0x0000023a                . = ALIGN (0x2)
 *(.text.*)
 .text.error_init
                0x0000023a       0x18 error.o
                0x0000023a                error_init
 .text.error_report
                0x00000252       0x74 error.o
                0x00000252                error_report
 .text.error_read
                0x000002c6       0x24 error.o
                0x000002c6                error_read
 .text.determine_state
                0x000002ea      0x1d4 fsm.o
                0x000002ea                determine_state
 .text.io_init  0x000004be       0x16 io.o
                0x000004be                io_init
 .text.io_solar_disable
                0x000004d4       0x22 io.o
                0x000004d4                io_solar_disable
 .text.io_laptop_disable
                0x000004f6       0x28 io.o
                0x000004f6                io_laptop_disable
 .text.io_qi_disable
                0x0000051e       0x32 io.o
                0x0000051e                io_qi_disable
 .text.io_3v3_disable
                0x00000550       0x28 io.o
                0x00000550                io_3v3_disable
 .text.io_5v_disable
                0x00000578       0x28 io.o
                0x00000578                io_5v_disable
 .text.io_16v_disable
                0x000005a0       0x28 io.o
                0x000005a0                io_16v_disable
 .text.io_led1_disable
                0x000005c8       0x28 io.o
                0x000005c8                io_led1_disable
 .text.io_led0_disable
                0x000005f0       0x28 io.o
                0x000005f0                io_led0_disable
 .text.io_led0_enable
                0x00000618       0x28 io.o
                0x00000618                io_led0_enable
 .text.io_led1_enable
                0x00000640       0x28 io.o
                0x00000640                io_led1_enable
 .text.io_solar_enable
                0x00000668       0x22 io.o
                0x00000668                io_solar_enable
 .text.io_laptop_enable
                0x0000068a       0x28 io.o
                0x0000068a                io_laptop_enable
 .text.io_qi_enable
                0x000006b2       0x32 io.o
                0x000006b2                io_qi_enable
 .text.io_3v3_enable
                0x000006e4       0x38 io.o
                0x000006e4                io_3v3_enable
 .text.io_5v_enable
                0x0000071c       0x38 io.o
                0x0000071c                io_5v_enable
 .text.io_16v_enable
                0x00000754       0x38 io.o
                0x00000754                io_16v_enable
 .text.TWIC_SlaveProcessData
                0x0000078c       0x74 main.o
                0x0000078c                TWIC_SlaveProcessData
 .text.main     0x00000800      0x158 main.o
                0x00000800                main
 .text.__vector_46
                0x00000958       0x4c main.o
                0x00000958                __vector_46
 .text.__vector_12
                0x000009a4       0x4c main.o
                0x000009a4                __vector_12
 .text.__vector_34
                0x000009f0       0x48 main.o
                0x000009f0                __vector_34
 .text.mppt_init
                0x00000a38        0xa mppt.o
                0x00000a38                mppt_init
 .text.mppt     0x00000a42       0x78 mppt.o
                0x00000a42                mppt
 .text.PWM_Enable
                0x00000aba       0x36 pwm.o
                0x00000aba                PWM_Enable
 .text.PWM_Disable
                0x00000af0       0x1c pwm.o
                0x00000af0                PWM_Disable
 .text.PWM_DecrementDutyCycle
                0x00000b0c       0x10 pwm.o
                0x00000b0c                PWM_DecrementDutyCycle
 .text.PWM_IncrementDutyCycle
                0x00000b1c       0x10 pwm.o
                0x00000b1c                PWM_IncrementDutyCycle
 .text.sensor_init
                0x00000b2c       0x12 sensors.o
                0x00000b2c                sensor_init
 .text.current_init
                0x00000b3e      0x104 sensors.o
                0x00000b3e                current_init
 .text.Check_And_Write_Current_Registers
                0x00000c42      0x20a sensors.o
                0x00000c42                Check_And_Write_Current_Registers
 .text.Read_Current_Registers
                0x00000e4c       0xe8 sensors.o
                0x00000e4c                Read_Current_Registers
 .text.Check_And_Write_Qi_Registers
                0x00000f34       0x50 sensors.o
                0x00000f34                Check_And_Write_Qi_Registers
 .text.Read_Qi_Registers
                0x00000f84       0x8a sensors.o
                0x00000f84                Read_Qi_Registers
 .text.Check_And_Write_Temperature_Registers
                0x0000100e       0x86 sensors.o
                0x0000100e                Check_And_Write_Temperature_Registers
 .text.Read_Temperature_Registers
                0x00001094       0x8c sensors.o
                0x00001094                Read_Temperature_Registers
 .text.TWI_MasterInit
                0x00001120       0x22 twi_master_driver.o
                0x00001120                TWI_MasterInit
 .text.TWI_MasterWriteRead
                0x00001142       0x88 twi_master_driver.o
                0x00001142                TWI_MasterWriteRead
 .text.TWI_MasterArbitrationLostBusErrorHandler
                0x000011ca       0x24 twi_master_driver.o
                0x000011ca                TWI_MasterArbitrationLostBusErrorHandler
 .text.TWI_MasterWriteHandler
                0x000011ee       0x64 twi_master_driver.o
                0x000011ee                TWI_MasterWriteHandler
 .text.TWI_MasterReadHandler
                0x00001252       0x5a twi_master_driver.o
                0x00001252                TWI_MasterReadHandler
 .text.TWI_MasterInterruptHandler
                0x000012ac       0x32 twi_master_driver.o
                0x000012ac                TWI_MasterInterruptHandler
 .text.TWI_SlaveInitializeDriver
                0x000012de       0x16 twi_slave_driver.o
                0x000012de                TWI_SlaveInitializeDriver
 .text.TWI_SlaveInitializeModule
                0x000012f4       0x16 twi_slave_driver.o
                0x000012f4                TWI_SlaveInitializeModule
 .text.TWI_SlaveAddressMatchHandler
                0x0000130a       0x42 twi_slave_driver.o
                0x0000130a                TWI_SlaveAddressMatchHandler
 .text.TWI_SlaveStopHandler
                0x0000134c       0x2a twi_slave_driver.o
                0x0000134c                TWI_SlaveStopHandler
 .text.TWI_SlaveReadHandler
                0x00001376       0x74 twi_slave_driver.o
                0x00001376                TWI_SlaveReadHandler
 .text.TWI_SlaveWriteHandler
                0x000013ea       0x60 twi_slave_driver.o
                0x000013ea                TWI_SlaveWriteHandler
 .text.TWI_SlaveDataHandler
                0x0000144a       0x18 twi_slave_driver.o
                0x0000144a                TWI_SlaveDataHandler
 .text.TWI_SlaveInterruptHandler
                0x00001462       0x5e twi_slave_driver.o
                0x00001462                TWI_SlaveInterruptHandler
 .text.vregs_write
                0x000014c0       0x26 virtual_register.o
                0x000014c0                vregs_write
 .text.vregs_read
                0x000014e6       0x1a virtual_register.o
                0x000014e6                vregs_read
 .text.vregs_read_buffer
                0x00001500       0x38 virtual_register.o
                0x00001500                vregs_read_buffer
 .text.vregs_writeout
                0x00001538       0x88 virtual_register.o
                0x00001538                vregs_writeout
 .text.vregs_init
                0x000015c0       0x46 virtual_register.o
                0x000015c0                vregs_init
 .text.watchdog_init
                0x00001606       0x12 watchdog.o
                0x00001606                watchdog_init
 .text.zebro_alert_init
                0x00001618       0x12 zebro_alert.o
                0x00001618                zebro_alert_init
 .text.zebro_alert
                0x0000162a        0xc zebro_alert.o
                0x0000162a                zebro_alert
                0x00001636                . = ALIGN (0x2)
 *(.fini9)
 .fini9         0x00001636        0x0 c:/program files (x86)/atmel/studio/7.0/toolchain/avr8/avr8-gnu-toolchain/bin/../lib/gcc/avr/5.4.0/avrxmega2\libgcc.a(_exit.o)
                0x00001636                _exit
                0x00001636                exit
 *(.fini9)
 *(.fini8)
 *(.fini8)
 *(.fini7)
 *(.fini7)
 *(.fini6)
 *(.fini6)
 *(.fini5)
 *(.fini5)
 *(.fini4)
 *(.fini4)
 *(.fini3)
 *(.fini3)
 *(.fini2)
 *(.fini2)
 *(.fini1)
 *(.fini1)
 *(.fini0)
 .fini0         0x00001636        0x4 c:/program files (x86)/atmel/studio/7.0/toolchain/avr8/avr8-gnu-toolchain/bin/../lib/gcc/avr/5.4.0/avrxmega2\libgcc.a(_exit.o)
 *(.fini0)
                0x0000163a                _etext = .

.data           0x00802000        0x0 load address 0x0000163a
                0x00802000                PROVIDE (__data_start, .)
 *(.data)
 *(.data*)
 *(.gnu.linkonce.d*)
 *(.rodata)
 *(.rodata*)
 *(.gnu.linkonce.r*)
                0x00802000                . = ALIGN (0x2)
                0x00802000                _edata = .
                0x00802000                PROVIDE (__data_end, .)

.bss            0x00802000      0x64f
                0x00802000                PROVIDE (__bss_start, .)
 *(.bss)
 *(.bss*)
 .bss.last_error
                0x00802000        0x1 error.o
                0x00802000                last_error
 .bss.error_counter
                0x00802001        0x1 error.o
                0x00802001                error_counter
 .bss.power     0x00802002        0x2 main.o
                0x00802002                power
 .bss.count     0x00802004        0x1 main.o
                0x00802004                count
 .bss.critical_error
                0x00802005        0x1 sensors.o
                0x00802005                critical_error
 .bss.bat_empty_flag
                0x00802006        0x1 sensors.o
                0x00802006                bat_empty_flag
 .bss.buffer_selector
                0x00802007        0x4 virtual_register.o
 *(COMMON)
 COMMON         0x0080200b        0x2 adc.o
                0x0080200b                laptop_flag
                0x0080200c                offset
 COMMON         0x0080200d      0x3fc error.o
                0x0080200d                errors_array
 COMMON         0x00802409        0x2 fsm.o
                0x00802409                pms_next_state
                0x0080240a                pms_state
 COMMON         0x0080240b        0x1 io.o
                0x0080240b                DutyCycle
 COMMON         0x0080240c       0x20 main.o
                0x0080240c                D
                0x0080240e                twiSlave
                0x00802427                PowerOld
                0x00802428                R
                0x0080242a                LastStep
                0x0080242b                set
 COMMON         0x0080242c       0x19 sensors.o
                0x0080242c                twiMaster
 COMMON         0x00802445      0x20a virtual_register.o
                0x00802445                vregs_buffer
                0x0080254a                vregs
                0x0080264f                PROVIDE (__bss_end, .)
                0x0000163a                __data_load_start = LOADADDR (.data)
                0x0000163a                __data_load_end = (__data_load_start + SIZEOF (.data))

.noinit         0x0080264f        0x0
                [!provide]                PROVIDE (__noinit_start, .)
 *(.noinit*)
                [!provide]                PROVIDE (__noinit_end, .)
                0x0080264f                _end = .
                [!provide]                PROVIDE (__heap_start, .)

.eeprom         0x00810000        0x0
 *(.eeprom*)
                0x00810000                __eeprom_end = .

.fuse
 *(.fuse)
 *(.lfuse)
 *(.hfuse)
 *(.efuse)

.lock
 *(.lock*)

.signature
 *(.signature*)

.user_signatures
 *(.user_signatures*)

.stab
 *(.stab)

.stabstr
 *(.stabstr)

.stab.excl
 *(.stab.excl)

.stab.exclstr
 *(.stab.exclstr)

.stab.index
 *(.stab.index)

.stab.indexstr
 *(.stab.indexstr)

.comment        0x00000000       0x30
 *(.comment)
 .comment       0x00000000       0x30 adc.o
                                 0x31 (size before relaxing)
 .comment       0x00000030       0x31 error.o
 .comment       0x00000030       0x31 fsm.o
 .comment       0x00000030       0x31 io.o
 .comment       0x00000030       0x31 main.o
 .comment       0x00000030       0x31 mppt.o
 .comment       0x00000030       0x31 pwm.o
 .comment       0x00000030       0x31 sensors.o
 .comment       0x00000030       0x31 twi_master_driver.o
 .comment       0x00000030       0x31 twi_slave_driver.o
 .comment       0x00000030       0x31 virtual_register.o
 .comment       0x00000030       0x31 watchdog.o
 .comment       0x00000030       0x31 zebro_alert.o

.note.gnu.avr.deviceinfo
                0x00000000       0x40
 .note.gnu.avr.deviceinfo
                0x00000000       0x40 C:/Program Files (x86)/Atmel/Studio/7.0/Packs/atmel/XMEGAA_DFP/1.1.68/gcc/dev/atxmega32a4u/avrxmega2/crtatxmega32a4u.o

.note.gnu.build-id
 *(.note.gnu.build-id)

.debug
 *(.debug)

.line
 *(.line)

.debug_srcinfo
 *(.debug_srcinfo)

.debug_sfnames
 *(.debug_sfnames)

.debug_aranges  0x00000000      0x3a0
 *(.debug_aranges)
 .debug_aranges
                0x00000000       0x38 adc.o
 .debug_aranges
                0x00000038       0x30 error.o
 .debug_aranges
                0x00000068       0x20 fsm.o
 .debug_aranges
                0x00000088       0xa0 io.o
 .debug_aranges
                0x00000128       0x40 main.o
 .debug_aranges
                0x00000168       0x28 mppt.o
 .debug_aranges
                0x00000190       0x40 pwm.o
 .debug_aranges
                0x000001d0       0x68 sensors.o
 .debug_aranges
                0x00000238       0x70 twi_master_driver.o
 .debug_aranges
                0x000002a8       0x60 twi_slave_driver.o
 .debug_aranges
                0x00000308       0x48 virtual_register.o
 .debug_aranges
                0x00000350       0x20 watchdog.o
 .debug_aranges
                0x00000370       0x30 zebro_alert.o

.debug_pubnames
 *(.debug_pubnames)

.debug_info     0x00000000     0x8662
 *(.debug_info .gnu.linkonce.wi.*)
 .debug_info    0x00000000     0x284f C:/Program Files (x86)/Atmel/Studio/7.0/Packs/atmel/XMEGAA_DFP/1.1.68/gcc/dev/atxmega32a4u/avrxmega2/crtatxmega32a4u.o
 .debug_info    0x0000284f      0x9e6 adc.o
 .debug_info    0x00003235      0x199 error.o
 .debug_info    0x000033ce      0x402 fsm.o
 .debug_info    0x000037d0      0x92d io.o
 .debug_info    0x000040fd      0xd9a main.o
 .debug_info    0x00004e97      0x721 mppt.o
 .debug_info    0x000055b8      0xa86 pwm.o
 .debug_info    0x0000603e     0x116d sensors.o
 .debug_info    0x000071ab      0x87c twi_master_driver.o
 .debug_info    0x00007a27      0x705 twi_slave_driver.o
 .debug_info    0x0000812c      0x20e virtual_register.o
 .debug_info    0x0000833a       0xe1 watchdog.o
 .debug_info    0x0000841b      0x247 zebro_alert.o

.debug_abbrev   0x00000000     0x3931
 *(.debug_abbrev)
 .debug_abbrev  0x00000000     0x262c C:/Program Files (x86)/Atmel/Studio/7.0/Packs/atmel/XMEGAA_DFP/1.1.68/gcc/dev/atxmega32a4u/avrxmega2/crtatxmega32a4u.o
 .debug_abbrev  0x0000262c      0x250 adc.o
 .debug_abbrev  0x0000287c      0x107 error.o
 .debug_abbrev  0x00002983       0xb4 fsm.o
 .debug_abbrev  0x00002a37      0x114 io.o
 .debug_abbrev  0x00002b4b      0x21e main.o
 .debug_abbrev  0x00002d69      0x137 mppt.o
 .debug_abbrev  0x00002ea0      0x155 pwm.o
 .debug_abbrev  0x00002ff5      0x20d sensors.o
 .debug_abbrev  0x00003202      0x297 twi_master_driver.o
 .debug_abbrev  0x00003499      0x268 twi_slave_driver.o
 .debug_abbrev  0x00003701      0x11b virtual_register.o
 .debug_abbrev  0x0000381c       0x83 watchdog.o
 .debug_abbrev  0x0000389f       0x92 zebro_alert.o

.debug_line     0x00000000     0x2725
 *(.debug_line .debug_line.* .debug_line_end)
 .debug_line    0x00000000      0x391 C:/Program Files (x86)/Atmel/Studio/7.0/Packs/atmel/XMEGAA_DFP/1.1.68/gcc/dev/atxmega32a4u/avrxmega2/crtatxmega32a4u.o
 .debug_line    0x00000391      0x2d0 adc.o
 .debug_line    0x00000661      0x122 error.o
 .debug_line    0x00000783      0x2e6 fsm.o
 .debug_line    0x00000a69      0x389 io.o
 .debug_line    0x00000df2      0x3eb main.o
 .debug_line    0x000011dd      0x15e mppt.o
 .debug_line    0x0000133b      0x1c3 pwm.o
 .debug_line    0x000014fe      0x69b sensors.o
 .debug_line    0x00001b99      0x3d1 twi_master_driver.o
 .debug_line    0x00001f6a      0x396 twi_slave_driver.o
 .debug_line    0x00002300      0x1e4 virtual_register.o
 .debug_line    0x000024e4      0x109 watchdog.o
 .debug_line    0x000025ed      0x138 zebro_alert.o

.debug_frame    0x00000000      0x8b8
 *(.debug_frame)
 .debug_frame   0x00000000       0x80 adc.o
 .debug_frame   0x00000080       0x4c error.o
 .debug_frame   0x000000cc       0x24 fsm.o
 .debug_frame   0x000000f0      0x124 io.o
 .debug_frame   0x00000214      0x158 main.o
 .debug_frame   0x0000036c       0x40 mppt.o
 .debug_frame   0x000003ac       0x64 pwm.o
 .debug_frame   0x00000410      0x22c sensors.o
 .debug_frame   0x0000063c       0xf0 twi_master_driver.o
 .debug_frame   0x0000072c       0xb0 twi_slave_driver.o
 .debug_frame   0x000007dc       0x74 virtual_register.o
 .debug_frame   0x00000850       0x24 watchdog.o
 .debug_frame   0x00000874       0x44 zebro_alert.o

.debug_str      0x00000000     0x3bfb
 *(.debug_str)
 .debug_str     0x00000000     0x1aa8 C:/Program Files (x86)/Atmel/Studio/7.0/Packs/atmel/XMEGAA_DFP/1.1.68/gcc/dev/atxmega32a4u/avrxmega2/crtatxmega32a4u.o
 .debug_str     0x00001aa8      0xbc9 adc.o
                                0xc2b (size before relaxing)
 .debug_str     0x00002671       0x56 error.o
                                0x1d5 (size before relaxing)
 .debug_str     0x000026c7      0x144 fsm.o
                                0x2da (size before relaxing)
 .debug_str     0x0000280b       0xe4 io.o
                                0x386 (size before relaxing)
 .debug_str     0x000028ef      0x65d main.o
                                0x9e8 (size before relaxing)
 .debug_str     0x00002f4c      0x254 mppt.o
                                0x4ae (size before relaxing)
 .debug_str     0x000031a0      0x2a8 pwm.o
                                0x8ac (size before relaxing)
 .debug_str     0x00003448      0x215 sensors.o
                                0x52e (size before relaxing)
 .debug_str     0x0000365d      0x311 twi_master_driver.o
                                0x64e (size before relaxing)
 .debug_str     0x0000396e      0x1e4 twi_slave_driver.o
                                0x546 (size before relaxing)
 .debug_str     0x00003b52       0x5b virtual_register.o
                                0x220 (size before relaxing)
 .debug_str     0x00003bad       0x29 watchdog.o
                                0x1b3 (size before relaxing)
 .debug_str     0x00003bd6       0x25 zebro_alert.o
                                0x27c (size before relaxing)

.debug_loc      0x00000000     0x259a
 *(.debug_loc)
 .debug_loc     0x00000000      0x1d6 adc.o
 .debug_loc     0x000001d6       0x83 error.o
 .debug_loc     0x00000259      0x22b io.o
 .debug_loc     0x00000484      0x449 main.o
 .debug_loc     0x000008cd       0x65 mppt.o
 .debug_loc     0x00000932       0x74 pwm.o
 .debug_loc     0x000009a6     0x1170 sensors.o
 .debug_loc     0x00001b16      0x637 twi_master_driver.o
 .debug_loc     0x0000214d      0x3d5 twi_slave_driver.o
 .debug_loc     0x00002522       0x78 virtual_register.o

.debug_macinfo
 *(.debug_macinfo)

.debug_weaknames
 *(.debug_weaknames)

.debug_funcnames
 *(.debug_funcnames)

.debug_typenames
 *(.debug_typenames)

.debug_varnames
 *(.debug_varnames)

.debug_pubtypes
 *(.debug_pubtypes)

.debug_ranges   0x00000000      0x2d0
 *(.debug_ranges)
 .debug_ranges  0x00000000       0x28 adc.o
 .debug_ranges  0x00000028       0x20 error.o
 .debug_ranges  0x00000048       0x10 fsm.o
 .debug_ranges  0x00000058       0x90 io.o
 .debug_ranges  0x000000e8       0x30 main.o
 .debug_ranges  0x00000118       0x18 mppt.o
 .debug_ranges  0x00000130       0x30 pwm.o
 .debug_ranges  0x00000160       0x58 sensors.o
 .debug_ranges  0x000001b8       0x60 twi_master_driver.o
 .debug_ranges  0x00000218       0x50 twi_slave_driver.o
 .debug_ranges  0x00000268       0x38 virtual_register.o
 .debug_ranges  0x000002a0       0x10 watchdog.o
 .debug_ranges  0x000002b0       0x20 zebro_alert.o

.debug_macro
 *(.debug_macro)
OUTPUT(pms.elf elf32-avr)
LOAD linker stubs
