Archive member included to satisfy reference by file (symbol)

c:/program files (x86)/atmel/studio/7.0/toolchain/avr8/avr8-gnu-toolchain/bin/../lib/gcc/avr/5.4.0/avrxmega2\libgcc.a(_exit.o)
                              C:/Program Files (x86)/Atmel/Studio/7.0/Packs/atmel/XMEGAA_DFP/1.1.68/gcc/dev/atxmega32a4u/avrxmega2/crtatxmega32a4u.o (exit)
c:/program files (x86)/atmel/studio/7.0/toolchain/avr8/avr8-gnu-toolchain/bin/../lib/gcc/avr/5.4.0/avrxmega2\libgcc.a(_tablejump2.o)
                              sensors.o (__tablejump2__)
c:/program files (x86)/atmel/studio/7.0/toolchain/avr8/avr8-gnu-toolchain/bin/../lib/gcc/avr/5.4.0/avrxmega2\libgcc.a(_copy_data.o)
                              sensors.o (__do_copy_data)
c:/program files (x86)/atmel/studio/7.0/toolchain/avr8/avr8-gnu-toolchain/bin/../lib/gcc/avr/5.4.0/avrxmega2\libgcc.a(_clear_bss.o)
                              adc.o (__do_clear_bss)
c:/program files (x86)/atmel/studio/7.0/toolchain/avr8/avr8-gnu-toolchain/bin/../lib/gcc/avr/5.4.0/avrxmega2\libgcc.a(_umulhisi3.o)
                              adc.o (__umulhisi3)

Allocating common symbols
Common symbol       size              file

vregs_buffer        0x105             virtual_register.o
errors_array        0x40              error.o
laptop_flag         0x1               adc.o
DutyCycle           0x1               io.o
twiMaster           0x19              main.o
twiSlave            0x19              main.o
PowerOld            0x1               main.o
offset              0x1               adc.o
LastStep            0x1               main.o
vregs               0x105             virtual_register.o

Discarded input sections

 .data          0x00000000        0x0 C:/Program Files (x86)/Atmel/Studio/7.0/Packs/atmel/XMEGAA_DFP/1.1.68/gcc/dev/atxmega32a4u/avrxmega2/crtatxmega32a4u.o
 .bss           0x00000000        0x0 C:/Program Files (x86)/Atmel/Studio/7.0/Packs/atmel/XMEGAA_DFP/1.1.68/gcc/dev/atxmega32a4u/avrxmega2/crtatxmega32a4u.o
 .text          0x00000000        0x0 adc.o
 .data          0x00000000        0x0 adc.o
 .bss           0x00000000        0x0 adc.o
 .text.read_adc
                0x00000000      0x138 adc.o
 COMMON         0x00000000        0x2 adc.o
 .text          0x00000000        0x0 error.o
 .data          0x00000000        0x0 error.o
 .bss           0x00000000        0x0 error.o
 .text.error_read
                0x00000000       0x24 error.o
 .text          0x00000000        0x0 io.o
 .data          0x00000000        0x0 io.o
 .bss           0x00000000        0x0 io.o
 .text.io_init  0x00000000       0x20 io.o
 .text.io_solar_disable
                0x00000000       0x22 io.o
 .text.io_laptop_disable
                0x00000000       0x28 io.o
 .text.io_qi_disable
                0x00000000       0x32 io.o
 .text.io_3v3_disable
                0x00000000       0x28 io.o
 .text.io_5v_disable
                0x00000000       0x28 io.o
 .text.io_16v_disable
                0x00000000       0x28 io.o
 .text.io_led1_disable
                0x00000000       0x28 io.o
 .text.io_led0_disable
                0x00000000       0x28 io.o
 .text.io_led0_enable
                0x00000000       0x28 io.o
 .text.io_led1_enable
                0x00000000       0x28 io.o
 .text.io_solar_enable
                0x00000000       0x22 io.o
 .text.io_laptop_enable
                0x00000000       0x28 io.o
 .text.io_qi_enable
                0x00000000       0x32 io.o
 .text.io_3v3_enable
                0x00000000       0x38 io.o
 .text.io_5v_enable
                0x00000000       0x38 io.o
 .text.io_16v_enable
                0x00000000       0x38 io.o
 .debug_info    0x00000000      0x92d io.o
 .debug_abbrev  0x00000000      0x114 io.o
 .debug_loc     0x00000000      0x22b io.o
 .debug_aranges
                0x00000000       0xa0 io.o
 .debug_ranges  0x00000000       0x90 io.o
 .debug_line    0x00000000      0x38f io.o
 .debug_str     0x00000000      0x3b0 io.o
 .comment       0x00000000       0x31 io.o
 .debug_frame   0x00000000      0x124 io.o
 COMMON         0x00000000        0x1 io.o
 .text          0x00000000        0x0 main.o
 .data          0x00000000        0x0 main.o
 .bss           0x00000000        0x0 main.o
 .bss.CRITICAL_ERROR
                0x00000000        0x1 main.o
 .bss.count     0x00000000        0x1 main.o
 .bss.power     0x00000000        0x1 main.o
 .bss.rw_reg    0x00000000       0x16 main.o
 .text          0x00000000        0x0 mppt.o
 .data          0x00000000        0x0 mppt.o
 .bss           0x00000000        0x0 mppt.o
 .text.mppt     0x00000000       0x6e mppt.o
 .text          0x00000000        0x0 pwm.o
 .data          0x00000000        0x0 pwm.o
 .bss           0x00000000        0x0 pwm.o
 .text.PWM_Disable
                0x00000000       0x1c pwm.o
 .text.PWM_DecrementDutyCycle
                0x00000000       0x16 pwm.o
 .text.PWM_IncrementDutyCycle
                0x00000000       0x16 pwm.o
 .text.SetDutyCycle
                0x00000000       0x22 pwm.o
 .text          0x00000000        0x0 sensors.o
 .data          0x00000000        0x0 sensors.o
 .bss           0x00000000        0x0 sensors.o
 .text.Check_And_Write_Battery_Registers
                0x00000000      0x1b8 sensors.o
 .progmem.gcc_sw_table.Check_And_Write_Battery_Registers
                0x00000000       0x90 sensors.o
 .rodata        0x00000000        0xb sensors.o
 .text.Read_Battery_Registers
                0x00000000       0x9e sensors.o
 .text.Check_And_Write_Qi_Registers
                0x00000000       0x50 sensors.o
 .text.Read_Qi_Registers
                0x00000000       0x8e sensors.o
 .text.Check_And_Write_Temperature_Registers
                0x00000000       0x50 sensors.o
 .text.Read_Temperature_Registers
                0x00000000       0x90 sensors.o
 .text          0x00000000        0x0 twi_master_driver.o
 .data          0x00000000        0x0 twi_master_driver.o
 .bss           0x00000000        0x0 twi_master_driver.o
 .text.TWI_MasterState
                0x00000000        0xc twi_master_driver.o
 .text.TWI_MasterReady
                0x00000000        0x8 twi_master_driver.o
 .text.TWI_MasterWrite
                0x00000000        0xc twi_master_driver.o
 .text.TWI_MasterRead
                0x00000000       0x12 twi_master_driver.o
 .text.TWI_MasterTransactionFinished
                0x00000000        0x8 twi_master_driver.o
 .text          0x00000000        0x0 twi_slave_driver.o
 .data          0x00000000        0x0 twi_slave_driver.o
 .bss           0x00000000        0x0 twi_slave_driver.o
 .text.TWI_SlaveTransactionFinished
                0x00000000        0x8 twi_slave_driver.o
 .text          0x00000000        0x0 virtual_register.o
 .data          0x00000000        0x0 virtual_register.o
 .bss           0x00000000        0x0 virtual_register.o
 .text.vregs_read
                0x00000000       0x1a virtual_register.o
 .text.vregs_get_buffer_address
                0x00000000       0x20 virtual_register.o
 .text          0x00000000        0x0 zebro_alert.o
 .data          0x00000000        0x0 zebro_alert.o
 .bss           0x00000000        0x0 zebro_alert.o
 .text.zebro_alert
                0x00000000        0xc zebro_alert.o
 .text.clear_zebro_alert
                0x00000000        0xc zebro_alert.o
 .text          0x00000000        0x0 c:/program files (x86)/atmel/studio/7.0/toolchain/avr8/avr8-gnu-toolchain/bin/../lib/gcc/avr/5.4.0/avrxmega2\libgcc.a(_exit.o)
 .data          0x00000000        0x0 c:/program files (x86)/atmel/studio/7.0/toolchain/avr8/avr8-gnu-toolchain/bin/../lib/gcc/avr/5.4.0/avrxmega2\libgcc.a(_exit.o)
 .bss           0x00000000        0x0 c:/program files (x86)/atmel/studio/7.0/toolchain/avr8/avr8-gnu-toolchain/bin/../lib/gcc/avr/5.4.0/avrxmega2\libgcc.a(_exit.o)
 .text.libgcc.mul
                0x00000000        0x0 c:/program files (x86)/atmel/studio/7.0/toolchain/avr8/avr8-gnu-toolchain/bin/../lib/gcc/avr/5.4.0/avrxmega2\libgcc.a(_exit.o)
 .text.libgcc.div
                0x00000000        0x0 c:/program files (x86)/atmel/studio/7.0/toolchain/avr8/avr8-gnu-toolchain/bin/../lib/gcc/avr/5.4.0/avrxmega2\libgcc.a(_exit.o)
 .text.libgcc   0x00000000        0x0 c:/program files (x86)/atmel/studio/7.0/toolchain/avr8/avr8-gnu-toolchain/bin/../lib/gcc/avr/5.4.0/avrxmega2\libgcc.a(_exit.o)
 .text.libgcc.prologue
                0x00000000        0x0 c:/program files (x86)/atmel/studio/7.0/toolchain/avr8/avr8-gnu-toolchain/bin/../lib/gcc/avr/5.4.0/avrxmega2\libgcc.a(_exit.o)
 .text.libgcc.builtins
                0x00000000        0x0 c:/program files (x86)/atmel/studio/7.0/toolchain/avr8/avr8-gnu-toolchain/bin/../lib/gcc/avr/5.4.0/avrxmega2\libgcc.a(_exit.o)
 .text.libgcc.fmul
                0x00000000        0x0 c:/program files (x86)/atmel/studio/7.0/toolchain/avr8/avr8-gnu-toolchain/bin/../lib/gcc/avr/5.4.0/avrxmega2\libgcc.a(_exit.o)
 .text.libgcc.fixed
                0x00000000        0x0 c:/program files (x86)/atmel/studio/7.0/toolchain/avr8/avr8-gnu-toolchain/bin/../lib/gcc/avr/5.4.0/avrxmega2\libgcc.a(_exit.o)
 .text          0x00000000        0x0 c:/program files (x86)/atmel/studio/7.0/toolchain/avr8/avr8-gnu-toolchain/bin/../lib/gcc/avr/5.4.0/avrxmega2\libgcc.a(_tablejump2.o)
 .data          0x00000000        0x0 c:/program files (x86)/atmel/studio/7.0/toolchain/avr8/avr8-gnu-toolchain/bin/../lib/gcc/avr/5.4.0/avrxmega2\libgcc.a(_tablejump2.o)
 .bss           0x00000000        0x0 c:/program files (x86)/atmel/studio/7.0/toolchain/avr8/avr8-gnu-toolchain/bin/../lib/gcc/avr/5.4.0/avrxmega2\libgcc.a(_tablejump2.o)
 .text.libgcc.mul
                0x00000000        0x0 c:/program files (x86)/atmel/studio/7.0/toolchain/avr8/avr8-gnu-toolchain/bin/../lib/gcc/avr/5.4.0/avrxmega2\libgcc.a(_tablejump2.o)
 .text.libgcc.div
                0x00000000        0x0 c:/program files (x86)/atmel/studio/7.0/toolchain/avr8/avr8-gnu-toolchain/bin/../lib/gcc/avr/5.4.0/avrxmega2\libgcc.a(_tablejump2.o)
 .text.libgcc   0x00000000        0xc c:/program files (x86)/atmel/studio/7.0/toolchain/avr8/avr8-gnu-toolchain/bin/../lib/gcc/avr/5.4.0/avrxmega2\libgcc.a(_tablejump2.o)
 .text.libgcc.prologue
                0x00000000        0x0 c:/program files (x86)/atmel/studio/7.0/toolchain/avr8/avr8-gnu-toolchain/bin/../lib/gcc/avr/5.4.0/avrxmega2\libgcc.a(_tablejump2.o)
 .text.libgcc.builtins
                0x00000000        0x0 c:/program files (x86)/atmel/studio/7.0/toolchain/avr8/avr8-gnu-toolchain/bin/../lib/gcc/avr/5.4.0/avrxmega2\libgcc.a(_tablejump2.o)
 .text.libgcc.fmul
                0x00000000        0x0 c:/program files (x86)/atmel/studio/7.0/toolchain/avr8/avr8-gnu-toolchain/bin/../lib/gcc/avr/5.4.0/avrxmega2\libgcc.a(_tablejump2.o)
 .text.libgcc.fixed
                0x00000000        0x0 c:/program files (x86)/atmel/studio/7.0/toolchain/avr8/avr8-gnu-toolchain/bin/../lib/gcc/avr/5.4.0/avrxmega2\libgcc.a(_tablejump2.o)
 .text          0x00000000        0x0 c:/program files (x86)/atmel/studio/7.0/toolchain/avr8/avr8-gnu-toolchain/bin/../lib/gcc/avr/5.4.0/avrxmega2\libgcc.a(_copy_data.o)
 .data          0x00000000        0x0 c:/program files (x86)/atmel/studio/7.0/toolchain/avr8/avr8-gnu-toolchain/bin/../lib/gcc/avr/5.4.0/avrxmega2\libgcc.a(_copy_data.o)
 .bss           0x00000000        0x0 c:/program files (x86)/atmel/studio/7.0/toolchain/avr8/avr8-gnu-toolchain/bin/../lib/gcc/avr/5.4.0/avrxmega2\libgcc.a(_copy_data.o)
 .text.libgcc.mul
                0x00000000        0x0 c:/program files (x86)/atmel/studio/7.0/toolchain/avr8/avr8-gnu-toolchain/bin/../lib/gcc/avr/5.4.0/avrxmega2\libgcc.a(_copy_data.o)
 .text.libgcc.div
                0x00000000        0x0 c:/program files (x86)/atmel/studio/7.0/toolchain/avr8/avr8-gnu-toolchain/bin/../lib/gcc/avr/5.4.0/avrxmega2\libgcc.a(_copy_data.o)
 .text.libgcc   0x00000000        0x0 c:/program files (x86)/atmel/studio/7.0/toolchain/avr8/avr8-gnu-toolchain/bin/../lib/gcc/avr/5.4.0/avrxmega2\libgcc.a(_copy_data.o)
 .text.libgcc.prologue
                0x00000000        0x0 c:/program files (x86)/atmel/studio/7.0/toolchain/avr8/avr8-gnu-toolchain/bin/../lib/gcc/avr/5.4.0/avrxmega2\libgcc.a(_copy_data.o)
 .text.libgcc.builtins
                0x00000000        0x0 c:/program files (x86)/atmel/studio/7.0/toolchain/avr8/avr8-gnu-toolchain/bin/../lib/gcc/avr/5.4.0/avrxmega2\libgcc.a(_copy_data.o)
 .text.libgcc.fmul
                0x00000000        0x0 c:/program files (x86)/atmel/studio/7.0/toolchain/avr8/avr8-gnu-toolchain/bin/../lib/gcc/avr/5.4.0/avrxmega2\libgcc.a(_copy_data.o)
 .text.libgcc.fixed
                0x00000000        0x0 c:/program files (x86)/atmel/studio/7.0/toolchain/avr8/avr8-gnu-toolchain/bin/../lib/gcc/avr/5.4.0/avrxmega2\libgcc.a(_copy_data.o)
 .text          0x00000000        0x0 c:/program files (x86)/atmel/studio/7.0/toolchain/avr8/avr8-gnu-toolchain/bin/../lib/gcc/avr/5.4.0/avrxmega2\libgcc.a(_clear_bss.o)
 .data          0x00000000        0x0 c:/program files (x86)/atmel/studio/7.0/toolchain/avr8/avr8-gnu-toolchain/bin/../lib/gcc/avr/5.4.0/avrxmega2\libgcc.a(_clear_bss.o)
 .bss           0x00000000        0x0 c:/program files (x86)/atmel/studio/7.0/toolchain/avr8/avr8-gnu-toolchain/bin/../lib/gcc/avr/5.4.0/avrxmega2\libgcc.a(_clear_bss.o)
 .text.libgcc.mul
                0x00000000        0x0 c:/program files (x86)/atmel/studio/7.0/toolchain/avr8/avr8-gnu-toolchain/bin/../lib/gcc/avr/5.4.0/avrxmega2\libgcc.a(_clear_bss.o)
 .text.libgcc.div
                0x00000000        0x0 c:/program files (x86)/atmel/studio/7.0/toolchain/avr8/avr8-gnu-toolchain/bin/../lib/gcc/avr/5.4.0/avrxmega2\libgcc.a(_clear_bss.o)
 .text.libgcc   0x00000000        0x0 c:/program files (x86)/atmel/studio/7.0/toolchain/avr8/avr8-gnu-toolchain/bin/../lib/gcc/avr/5.4.0/avrxmega2\libgcc.a(_clear_bss.o)
 .text.libgcc.prologue
                0x00000000        0x0 c:/program files (x86)/atmel/studio/7.0/toolchain/avr8/avr8-gnu-toolchain/bin/../lib/gcc/avr/5.4.0/avrxmega2\libgcc.a(_clear_bss.o)
 .text.libgcc.builtins
                0x00000000        0x0 c:/program files (x86)/atmel/studio/7.0/toolchain/avr8/avr8-gnu-toolchain/bin/../lib/gcc/avr/5.4.0/avrxmega2\libgcc.a(_clear_bss.o)
 .text.libgcc.fmul
                0x00000000        0x0 c:/program files (x86)/atmel/studio/7.0/toolchain/avr8/avr8-gnu-toolchain/bin/../lib/gcc/avr/5.4.0/avrxmega2\libgcc.a(_clear_bss.o)
 .text.libgcc.fixed
                0x00000000        0x0 c:/program files (x86)/atmel/studio/7.0/toolchain/avr8/avr8-gnu-toolchain/bin/../lib/gcc/avr/5.4.0/avrxmega2\libgcc.a(_clear_bss.o)
 .text          0x00000000        0x0 c:/program files (x86)/atmel/studio/7.0/toolchain/avr8/avr8-gnu-toolchain/bin/../lib/gcc/avr/5.4.0/avrxmega2\libgcc.a(_umulhisi3.o)
 .data          0x00000000        0x0 c:/program files (x86)/atmel/studio/7.0/toolchain/avr8/avr8-gnu-toolchain/bin/../lib/gcc/avr/5.4.0/avrxmega2\libgcc.a(_umulhisi3.o)
 .bss           0x00000000        0x0 c:/program files (x86)/atmel/studio/7.0/toolchain/avr8/avr8-gnu-toolchain/bin/../lib/gcc/avr/5.4.0/avrxmega2\libgcc.a(_umulhisi3.o)
 .text.libgcc.mul
                0x00000000       0x1e c:/program files (x86)/atmel/studio/7.0/toolchain/avr8/avr8-gnu-toolchain/bin/../lib/gcc/avr/5.4.0/avrxmega2\libgcc.a(_umulhisi3.o)
 .text.libgcc.div
                0x00000000        0x0 c:/program files (x86)/atmel/studio/7.0/toolchain/avr8/avr8-gnu-toolchain/bin/../lib/gcc/avr/5.4.0/avrxmega2\libgcc.a(_umulhisi3.o)
 .text.libgcc   0x00000000        0x0 c:/program files (x86)/atmel/studio/7.0/toolchain/avr8/avr8-gnu-toolchain/bin/../lib/gcc/avr/5.4.0/avrxmega2\libgcc.a(_umulhisi3.o)
 .text.libgcc.prologue
                0x00000000        0x0 c:/program files (x86)/atmel/studio/7.0/toolchain/avr8/avr8-gnu-toolchain/bin/../lib/gcc/avr/5.4.0/avrxmega2\libgcc.a(_umulhisi3.o)
 .text.libgcc.builtins
                0x00000000        0x0 c:/program files (x86)/atmel/studio/7.0/toolchain/avr8/avr8-gnu-toolchain/bin/../lib/gcc/avr/5.4.0/avrxmega2\libgcc.a(_umulhisi3.o)
 .text.libgcc.fmul
                0x00000000        0x0 c:/program files (x86)/atmel/studio/7.0/toolchain/avr8/avr8-gnu-toolchain/bin/../lib/gcc/avr/5.4.0/avrxmega2\libgcc.a(_umulhisi3.o)
 .text.libgcc.fixed
                0x00000000        0x0 c:/program files (x86)/atmel/studio/7.0/toolchain/avr8/avr8-gnu-toolchain/bin/../lib/gcc/avr/5.4.0/avrxmega2\libgcc.a(_umulhisi3.o)

Memory Configuration

Name             Origin             Length             Attributes
text             0x00000000         0x00100000         xr
data             0x00802000         0x0000ffa0         rw !x
eeprom           0x00810000         0x00010000         rw !x
fuse             0x00820000         0x00000006         rw !x
lock             0x00830000         0x00000400         rw !x
signature        0x00840000         0x00000400         rw !x
user_signatures  0x00850000         0x00000400         rw !x
*default*        0x00000000         0xffffffff

Linker script and memory map

LOAD C:/Program Files (x86)/Atmel/Studio/7.0/Packs/atmel/XMEGAA_DFP/1.1.68/gcc/dev/atxmega32a4u/avrxmega2/crtatxmega32a4u.o
LOAD adc.o
LOAD error.o
LOAD io.o
LOAD main.o
LOAD mppt.o
LOAD pwm.o
LOAD sensors.o
LOAD twi_master_driver.o
LOAD twi_slave_driver.o
LOAD virtual_register.o
LOAD zebro_alert.o
START GROUP
LOAD c:/program files (x86)/atmel/studio/7.0/toolchain/avr8/avr8-gnu-toolchain/bin/../lib/gcc/avr/5.4.0/../../../../avr/lib/avrxmega2\libm.a
END GROUP
START GROUP
LOAD c:/program files (x86)/atmel/studio/7.0/toolchain/avr8/avr8-gnu-toolchain/bin/../lib/gcc/avr/5.4.0/avrxmega2\libgcc.a
LOAD c:/program files (x86)/atmel/studio/7.0/toolchain/avr8/avr8-gnu-toolchain/bin/../lib/gcc/avr/5.4.0/../../../../avr/lib/avrxmega2\libm.a
LOAD c:/program files (x86)/atmel/studio/7.0/toolchain/avr8/avr8-gnu-toolchain/bin/../lib/gcc/avr/5.4.0/../../../../avr/lib/avrxmega2\libc.a
LOAD C:/Program Files (x86)/Atmel/Studio/7.0/Packs/atmel/XMEGAA_DFP/1.1.68/gcc/dev/atxmega32a4u/avrxmega2\libatxmega32a4u.a
END GROUP
                0x00100000                __TEXT_REGION_LENGTH__ = DEFINED (__TEXT_REGION_LENGTH__)?__TEXT_REGION_LENGTH__:0x100000
                0x0000ffa0                __DATA_REGION_LENGTH__ = DEFINED (__DATA_REGION_LENGTH__)?__DATA_REGION_LENGTH__:0xffa0
                0x00010000                __EEPROM_REGION_LENGTH__ = DEFINED (__EEPROM_REGION_LENGTH__)?__EEPROM_REGION_LENGTH__:0x10000
                [0x00000006]                __FUSE_REGION_LENGTH__ = DEFINED (__FUSE_REGION_LENGTH__)?__FUSE_REGION_LENGTH__:0x400
                0x00000400                __LOCK_REGION_LENGTH__ = DEFINED (__LOCK_REGION_LENGTH__)?__LOCK_REGION_LENGTH__:0x400
                0x00000400                __SIGNATURE_REGION_LENGTH__ = DEFINED (__SIGNATURE_REGION_LENGTH__)?__SIGNATURE_REGION_LENGTH__:0x400
                0x00000400                __USER_SIGNATURE_REGION_LENGTH__ = DEFINED (__USER_SIGNATURE_REGION_LENGTH__)?__USER_SIGNATURE_REGION_LENGTH__:0x400

.hash
 *(.hash)

.dynsym
 *(.dynsym)

.dynstr
 *(.dynstr)

.gnu.version
 *(.gnu.version)

.gnu.version_d
 *(.gnu.version_d)

.gnu.version_r
 *(.gnu.version_r)

.rel.init
 *(.rel.init)

.rela.init
 *(.rela.init)

.rel.text
 *(.rel.text)
 *(.rel.text.*)
 *(.rel.gnu.linkonce.t*)

.rela.text
 *(.rela.text)
 *(.rela.text.*)
 *(.rela.gnu.linkonce.t*)

.rel.fini
 *(.rel.fini)

.rela.fini
 *(.rela.fini)

.rel.rodata
 *(.rel.rodata)
 *(.rel.rodata.*)
 *(.rel.gnu.linkonce.r*)

.rela.rodata
 *(.rela.rodata)
 *(.rela.rodata.*)
 *(.rela.gnu.linkonce.r*)

.rel.data
 *(.rel.data)
 *(.rel.data.*)
 *(.rel.gnu.linkonce.d*)

.rela.data
 *(.rela.data)
 *(.rela.data.*)
 *(.rela.gnu.linkonce.d*)

.rel.ctors
 *(.rel.ctors)

.rela.ctors
 *(.rela.ctors)

.rel.dtors
 *(.rel.dtors)

.rela.dtors
 *(.rela.dtors)

.rel.got
 *(.rel.got)

.rela.got
 *(.rela.got)

.rel.bss
 *(.rel.bss)

.rela.bss
 *(.rela.bss)

.rel.plt
 *(.rel.plt)

.rela.plt
 *(.rela.plt)

.text           0x00000000      0xc8c
 *(.vectors)
 .vectors       0x00000000      0x1fc C:/Program Files (x86)/Atmel/Studio/7.0/Packs/atmel/XMEGAA_DFP/1.1.68/gcc/dev/atxmega32a4u/avrxmega2/crtatxmega32a4u.o
                0x00000000                __vector_default
                0x00000000                __vectors
 *(.vectors)
 *(.progmem.gcc*)
                0x000001fc                . = ALIGN (0x2)
                0x000001fc                __trampolines_start = .
 *(.trampolines)
 .trampolines   0x000001fc        0x0 linker stubs
 *(.trampolines*)
                0x000001fc                __trampolines_end = .
 *libprintf_flt.a:*(.progmem.data)
 *libc.a:*(.progmem.data)
 *(.progmem*)
                0x000001fc                . = ALIGN (0x2)
 *(.jumptables)
 *(.jumptables*)
 *(.lowtext)
 *(.lowtext*)
                0x000001fc                __ctors_start = .
 *(.ctors)
                0x000001fc                __ctors_end = .
                0x000001fc                __dtors_start = .
 *(.dtors)
                0x000001fc                __dtors_end = .
 SORT(*)(.ctors)
 SORT(*)(.dtors)
 *(.init0)
 .init0         0x000001fc        0x0 C:/Program Files (x86)/Atmel/Studio/7.0/Packs/atmel/XMEGAA_DFP/1.1.68/gcc/dev/atxmega32a4u/avrxmega2/crtatxmega32a4u.o
                0x000001fc                __init
 *(.init0)
 *(.init1)
 *(.init1)
 *(.init2)
 .init2         0x000001fc        0xc C:/Program Files (x86)/Atmel/Studio/7.0/Packs/atmel/XMEGAA_DFP/1.1.68/gcc/dev/atxmega32a4u/avrxmega2/crtatxmega32a4u.o
 *(.init2)
 *(.init3)
 *(.init3)
 *(.init4)
 .init4         0x00000208       0x16 c:/program files (x86)/atmel/studio/7.0/toolchain/avr8/avr8-gnu-toolchain/bin/../lib/gcc/avr/5.4.0/avrxmega2\libgcc.a(_copy_data.o)
                0x00000208                __do_copy_data
 .init4         0x0000021e       0x10 c:/program files (x86)/atmel/studio/7.0/toolchain/avr8/avr8-gnu-toolchain/bin/../lib/gcc/avr/5.4.0/avrxmega2\libgcc.a(_clear_bss.o)
                0x0000021e                __do_clear_bss
 *(.init4)
 *(.init5)
 *(.init5)
 *(.init6)
 *(.init6)
 *(.init7)
 *(.init7)
 *(.init8)
 *(.init8)
 *(.init9)
 .init9         0x0000022e        0x8 C:/Program Files (x86)/Atmel/Studio/7.0/Packs/atmel/XMEGAA_DFP/1.1.68/gcc/dev/atxmega32a4u/avrxmega2/crtatxmega32a4u.o
 *(.init9)
 *(.text)
 .text          0x00000236        0x4 C:/Program Files (x86)/Atmel/Studio/7.0/Packs/atmel/XMEGAA_DFP/1.1.68/gcc/dev/atxmega32a4u/avrxmega2/crtatxmega32a4u.o
                0x00000236                __vector_38
                0x00000236                __vector_104
                0x00000236                __vector_22
                0x00000236                __vector_63
                0x00000236                __vector_28
                0x00000236                __vector_67
                0x00000236                __vector_1
                0x00000236                __vector_119
                0x00000236                __vector_32
                0x00000236                __vector_75
                0x00000236                __vector_71
                0x00000236                __vector_91
                0x00000236                __vector_34
                0x00000236                __vector_62
                0x00000236                __vector_77
                0x00000236                __vector_102
                0x00000236                __vector_24
                0x00000236                __vector_12
                0x00000236                __vector_55
                0x00000236                __vector_69
                0x00000236                __vector_81
                0x00000236                __vector_90
                0x00000236                __vector_46
                0x00000236                __bad_interrupt
                0x00000236                __vector_122
                0x00000236                __vector_72
                0x00000236                __vector_114
                0x00000236                __vector_6
                0x00000236                __vector_110
                0x00000236                __vector_31
                0x00000236                __vector_92
                0x00000236                __vector_35
                0x00000236                __vector_78
                0x00000236                __vector_74
                0x00000236                __vector_117
                0x00000236                __vector_39
                0x00000236                __vector_107
                0x00000236                __vector_3
                0x00000236                __vector_105
                0x00000236                __vector_98
                0x00000236                __vector_23
                0x00000236                __vector_68
                0x00000236                __vector_30
                0x00000236                __vector_73
                0x00000236                __vector_25
                0x00000236                __vector_93
                0x00000236                __vector_61
                0x00000236                __vector_11
                0x00000236                __vector_54
                0x00000236                __vector_99
                0x00000236                __vector_17
                0x00000236                __vector_19
                0x00000236                __vector_56
                0x00000236                __vector_7
                0x00000236                __vector_125
                0x00000236                __vector_49
                0x00000236                __vector_123
                0x00000236                __vector_41
                0x00000236                __vector_86
                0x00000236                __vector_100
                0x00000236                __vector_101
                0x00000236                __vector_64
                0x00000236                __vector_88
                0x00000236                __vector_109
                0x00000236                __vector_43
                0x00000236                __vector_27
                0x00000236                __vector_5
                0x00000236                __vector_113
                0x00000236                __vector_33
                0x00000236                __vector_76
                0x00000236                __vector_115
                0x00000236                __vector_47
                0x00000236                __vector_52
                0x00000236                __vector_37
                0x00000236                __vector_95
                0x00000236                __vector_103
                0x00000236                __vector_96
                0x00000236                __vector_89
                0x00000236                __vector_108
                0x00000236                __vector_4
                0x00000236                __vector_44
                0x00000236                __vector_82
                0x00000236                __vector_106
                0x00000236                __vector_118
                0x00000236                __vector_51
                0x00000236                __vector_9
                0x00000236                __vector_2
                0x00000236                __vector_21
                0x00000236                __vector_15
                0x00000236                __vector_66
                0x00000236                __vector_36
                0x00000236                __vector_79
                0x00000236                __vector_58
                0x00000236                __vector_70
                0x00000236                __vector_83
                0x00000236                __vector_29
                0x00000236                __vector_60
                0x00000236                __vector_121
                0x00000236                __vector_40
                0x00000236                __vector_85
                0x00000236                __vector_94
                0x00000236                __vector_126
                0x00000236                __vector_8
                0x00000236                __vector_26
                0x00000236                __vector_48
                0x00000236                __vector_124
                0x00000236                __vector_116
                0x00000236                __vector_112
                0x00000236                __vector_111
                0x00000236                __vector_80
                0x00000236                __vector_14
                0x00000236                __vector_84
                0x00000236                __vector_57
                0x00000236                __vector_53
                0x00000236                __vector_10
                0x00000236                __vector_50
                0x00000236                __vector_16
                0x00000236                __vector_59
                0x00000236                __vector_18
                0x00000236                __vector_97
                0x00000236                __vector_20
                0x00000236                __vector_42
                0x00000236                __vector_87
                0x00000236                __vector_65
                0x00000236                __vector_120
                0x0000023a                . = ALIGN (0x2)
 *(.text.*)
 .text.ADC_Wait_8MHz
                0x0000023a       0x12 adc.o
                0x0000023a                ADC_Wait_8MHz
 .text.ReadCalibrationByte
                0x0000024c       0x12 adc.o
                0x0000024c                ReadCalibrationByte
 .text.adc_start
                0x0000025e       0x72 adc.o
                0x0000025e                adc_start
 .text.error_init
                0x000002d0       0x18 error.o
                0x000002d0                error_init
 .text.error_report
                0x000002e8       0x74 error.o
                0x000002e8                error_report
 .text.TWIE_SlaveProcessData
                0x0000035c       0x74 main.o
                0x0000035c                TWIE_SlaveProcessData
 .text.main     0x000003d0       0xaa main.o
                0x000003d0                main
 .text.__vector_13
                0x0000047a       0x4c main.o
                0x0000047a                __vector_13
 .text.__vector_45
                0x000004c6       0x4c main.o
                0x000004c6                __vector_45
 .text.mppt_init
                0x00000512        0xa mppt.o
                0x00000512                mppt_init
 .text.PWM_Enable
                0x0000051c       0x30 pwm.o
                0x0000051c                PWM_Enable
 .text.sensor_init
                0x0000054c       0x12 sensors.o
                0x0000054c                sensor_init
 .text.Check_And_Write_Current_Registers
                0x0000055e      0x160 sensors.o
                0x0000055e                Check_And_Write_Current_Registers
 .text.Read_Current_Registers
                0x000006be       0xec sensors.o
                0x000006be                Read_Current_Registers
 .text.TWI_MasterInit
                0x000007aa       0x22 twi_master_driver.o
                0x000007aa                TWI_MasterInit
 .text.TWI_MasterWriteRead
                0x000007cc       0x88 twi_master_driver.o
                0x000007cc                TWI_MasterWriteRead
 .text.TWI_MasterArbitrationLostBusErrorHandler
                0x00000854       0x24 twi_master_driver.o
                0x00000854                TWI_MasterArbitrationLostBusErrorHandler
 .text.TWI_MasterWriteHandler
                0x00000878       0x64 twi_master_driver.o
                0x00000878                TWI_MasterWriteHandler
 .text.TWI_MasterReadHandler
                0x000008dc       0x5a twi_master_driver.o
                0x000008dc                TWI_MasterReadHandler
 .text.TWI_MasterInterruptHandler
                0x00000936       0x32 twi_master_driver.o
                0x00000936                TWI_MasterInterruptHandler
 .text.TWI_SlaveInitializeDriver
                0x00000968       0x16 twi_slave_driver.o
                0x00000968                TWI_SlaveInitializeDriver
 .text.TWI_SlaveInitializeModule
                0x0000097e       0x16 twi_slave_driver.o
                0x0000097e                TWI_SlaveInitializeModule
 .text.TWI_SlaveAddressMatchHandler
                0x00000994       0x42 twi_slave_driver.o
                0x00000994                TWI_SlaveAddressMatchHandler
 .text.TWI_SlaveStopHandler
                0x000009d6       0x2a twi_slave_driver.o
                0x000009d6                TWI_SlaveStopHandler
 .text.TWI_SlaveReadHandler
                0x00000a00       0x74 twi_slave_driver.o
                0x00000a00                TWI_SlaveReadHandler
 .text.TWI_SlaveWriteHandler
                0x00000a74       0x60 twi_slave_driver.o
                0x00000a74                TWI_SlaveWriteHandler
 .text.TWI_SlaveDataHandler
                0x00000ad4       0x18 twi_slave_driver.o
                0x00000ad4                TWI_SlaveDataHandler
 .text.TWI_SlaveInterruptHandler
                0x00000aec       0x5e twi_slave_driver.o
                0x00000aec                TWI_SlaveInterruptHandler
 .text.vregs_write
                0x00000b4a       0x26 virtual_register.o
                0x00000b4a                vregs_write
 .text.vregs_read_buffer
                0x00000b70       0x38 virtual_register.o
                0x00000b70                vregs_read_buffer
 .text.vregs_writeout
                0x00000ba8       0x88 virtual_register.o
                0x00000ba8                vregs_writeout
 .text.vregs_init
                0x00000c30       0x46 virtual_register.o
                0x00000c30                vregs_init
 .text.zebro_alert_init
                0x00000c76       0x12 zebro_alert.o
                0x00000c76                zebro_alert_init
                0x00000c88                . = ALIGN (0x2)
 *(.fini9)
 .fini9         0x00000c88        0x0 c:/program files (x86)/atmel/studio/7.0/toolchain/avr8/avr8-gnu-toolchain/bin/../lib/gcc/avr/5.4.0/avrxmega2\libgcc.a(_exit.o)
                0x00000c88                _exit
                0x00000c88                exit
 *(.fini9)
 *(.fini8)
 *(.fini8)
 *(.fini7)
 *(.fini7)
 *(.fini6)
 *(.fini6)
 *(.fini5)
 *(.fini5)
 *(.fini4)
 *(.fini4)
 *(.fini3)
 *(.fini3)
 *(.fini2)
 *(.fini2)
 *(.fini1)
 *(.fini1)
 *(.fini0)
 .fini0         0x00000c88        0x4 c:/program files (x86)/atmel/studio/7.0/toolchain/avr8/avr8-gnu-toolchain/bin/../lib/gcc/avr/5.4.0/avrxmega2\libgcc.a(_exit.o)
 *(.fini0)
                0x00000c8c                _etext = .

.data           0x00802000        0x0 load address 0x00000c8c
                0x00802000                PROVIDE (__data_start, .)
 *(.data)
 *(.data*)
 *(.gnu.linkonce.d*)
 *(.rodata)
 *(.rodata*)
 *(.gnu.linkonce.r*)
                0x00802000                . = ALIGN (0x2)
                0x00802000                _edata = .
                0x00802000                PROVIDE (__data_end, .)

.bss            0x00802000      0x284
                0x00802000                PROVIDE (__bss_start, .)
 *(.bss)
 *(.bss*)
 .bss.last_error
                0x00802000        0x1 error.o
                0x00802000                last_error
 .bss.error_counter
                0x00802001        0x1 error.o
                0x00802001                error_counter
 .bss.buffer_selector
                0x00802002        0x4 virtual_register.o
 *(COMMON)
 COMMON         0x00802006       0x40 error.o
                0x00802006                errors_array
 COMMON         0x00802046       0x34 main.o
                0x00802046                twiMaster
                0x0080205f                twiSlave
                0x00802078                PowerOld
                0x00802079                LastStep
 COMMON         0x0080207a      0x20a virtual_register.o
                0x0080207a                vregs_buffer
                0x0080217f                vregs
                0x00802284                PROVIDE (__bss_end, .)
                0x00000c8c                __data_load_start = LOADADDR (.data)
                0x00000c8c                __data_load_end = (__data_load_start + SIZEOF (.data))

.noinit         0x00802284        0x0
                [!provide]                PROVIDE (__noinit_start, .)
 *(.noinit*)
                [!provide]                PROVIDE (__noinit_end, .)
                0x00802284                _end = .
                [!provide]                PROVIDE (__heap_start, .)

.eeprom         0x00810000        0x0
 *(.eeprom*)
                0x00810000                __eeprom_end = .

.fuse
 *(.fuse)
 *(.lfuse)
 *(.hfuse)
 *(.efuse)

.lock
 *(.lock*)

.signature
 *(.signature*)

.user_signatures
 *(.user_signatures*)

.stab
 *(.stab)

.stabstr
 *(.stabstr)

.stab.excl
 *(.stab.excl)

.stab.exclstr
 *(.stab.exclstr)

.stab.index
 *(.stab.index)

.stab.indexstr
 *(.stab.indexstr)

.comment        0x00000000       0x30
 *(.comment)
 .comment       0x00000000       0x30 adc.o
                                 0x31 (size before relaxing)
 .comment       0x00000030       0x31 error.o
 .comment       0x00000030       0x31 main.o
 .comment       0x00000030       0x31 mppt.o
 .comment       0x00000030       0x31 pwm.o
 .comment       0x00000030       0x31 sensors.o
 .comment       0x00000030       0x31 twi_master_driver.o
 .comment       0x00000030       0x31 twi_slave_driver.o
 .comment       0x00000030       0x31 virtual_register.o
 .comment       0x00000030       0x31 zebro_alert.o

.note.gnu.avr.deviceinfo
                0x00000000       0x40
 .note.gnu.avr.deviceinfo
                0x00000000       0x40 C:/Program Files (x86)/Atmel/Studio/7.0/Packs/atmel/XMEGAA_DFP/1.1.68/gcc/dev/atxmega32a4u/avrxmega2/crtatxmega32a4u.o

.note.gnu.build-id
 *(.note.gnu.build-id)

.debug
 *(.debug)

.line
 *(.line)

.debug_srcinfo
 *(.debug_srcinfo)

.debug_sfnames
 *(.debug_sfnames)

.debug_aranges  0x00000000      0x2b0
 *(.debug_aranges)
 .debug_aranges
                0x00000000       0x38 adc.o
 .debug_aranges
                0x00000038       0x30 error.o
 .debug_aranges
                0x00000068       0x38 main.o
 .debug_aranges
                0x000000a0       0x28 mppt.o
 .debug_aranges
                0x000000c8       0x40 pwm.o
 .debug_aranges
                0x00000108       0x60 sensors.o
 .debug_aranges
                0x00000168       0x70 twi_master_driver.o
 .debug_aranges
                0x000001d8       0x60 twi_slave_driver.o
 .debug_aranges
                0x00000238       0x48 virtual_register.o
 .debug_aranges
                0x00000280       0x30 zebro_alert.o

.debug_pubnames
 *(.debug_pubnames)

.debug_info     0x00000000     0x725a
 *(.debug_info .gnu.linkonce.wi.*)
 .debug_info    0x00000000     0x284f C:/Program Files (x86)/Atmel/Studio/7.0/Packs/atmel/XMEGAA_DFP/1.1.68/gcc/dev/atxmega32a4u/avrxmega2/crtatxmega32a4u.o
 .debug_info    0x0000284f      0xa07 adc.o
 .debug_info    0x00003256      0x199 error.o
 .debug_info    0x000033ef      0xa4f main.o
 .debug_info    0x00003e3e      0x721 mppt.o
 .debug_info    0x0000455f      0xa90 pwm.o
 .debug_info    0x00004fef      0xe95 sensors.o
 .debug_info    0x00005e84      0x87c twi_master_driver.o
 .debug_info    0x00006700      0x705 twi_slave_driver.o
 .debug_info    0x00006e05      0x20e virtual_register.o
 .debug_info    0x00007013      0x247 zebro_alert.o

.debug_abbrev   0x00000000     0x363e
 *(.debug_abbrev)
 .debug_abbrev  0x00000000     0x262c C:/Program Files (x86)/Atmel/Studio/7.0/Packs/atmel/XMEGAA_DFP/1.1.68/gcc/dev/atxmega32a4u/avrxmega2/crtatxmega32a4u.o
 .debug_abbrev  0x0000262c      0x25d adc.o
 .debug_abbrev  0x00002889      0x107 error.o
 .debug_abbrev  0x00002990      0x1fc main.o
 .debug_abbrev  0x00002b8c      0x137 mppt.o
 .debug_abbrev  0x00002cc3      0x12c pwm.o
 .debug_abbrev  0x00002def      0x1a3 sensors.o
 .debug_abbrev  0x00002f92      0x297 twi_master_driver.o
 .debug_abbrev  0x00003229      0x268 twi_slave_driver.o
 .debug_abbrev  0x00003491      0x11b virtual_register.o
 .debug_abbrev  0x000035ac       0x92 zebro_alert.o

.debug_line     0x00000000     0x1de2
 *(.debug_line .debug_line.* .debug_line_end)
 .debug_line    0x00000000      0x391 C:/Program Files (x86)/Atmel/Studio/7.0/Packs/atmel/XMEGAA_DFP/1.1.68/gcc/dev/atxmega32a4u/avrxmega2/crtatxmega32a4u.o
 .debug_line    0x00000391      0x2d0 adc.o
 .debug_line    0x00000661      0x122 error.o
 .debug_line    0x00000783      0x31e main.o
 .debug_line    0x00000aa1      0x15e mppt.o
 .debug_line    0x00000bff      0x1e1 pwm.o
 .debug_line    0x00000de0      0x57f sensors.o
 .debug_line    0x0000135f      0x3d1 twi_master_driver.o
 .debug_line    0x00001730      0x396 twi_slave_driver.o
 .debug_line    0x00001ac6      0x1e4 virtual_register.o
 .debug_line    0x00001caa      0x138 zebro_alert.o

.debug_frame    0x00000000      0x6a4
 *(.debug_frame)
 .debug_frame   0x00000000       0x80 adc.o
 .debug_frame   0x00000080       0x4c error.o
 .debug_frame   0x000000cc      0x100 main.o
 .debug_frame   0x000001cc       0x3c mppt.o
 .debug_frame   0x00000208       0x64 pwm.o
 .debug_frame   0x0000026c      0x1e0 sensors.o
 .debug_frame   0x0000044c       0xf0 twi_master_driver.o
 .debug_frame   0x0000053c       0xb0 twi_slave_driver.o
 .debug_frame   0x000005ec       0x74 virtual_register.o
 .debug_frame   0x00000660       0x44 zebro_alert.o

.debug_str      0x00000000     0x3896
 *(.debug_str)
 .debug_str     0x00000000     0x1aa8 C:/Program Files (x86)/Atmel/Studio/7.0/Packs/atmel/XMEGAA_DFP/1.1.68/gcc/dev/atxmega32a4u/avrxmega2/crtatxmega32a4u.o
 .debug_str     0x00001aa8      0xc0c adc.o
                                0xc6e (size before relaxing)
 .debug_str     0x000026b4       0x56 error.o
                                0x1ff (size before relaxing)
 .debug_str     0x0000270a      0x431 main.o
                                0x6f4 (size before relaxing)
 .debug_str     0x00002b3b      0x259 mppt.o
                                0x4d8 (size before relaxing)
 .debug_str     0x00002d94      0x36c pwm.o
                                0x8d6 (size before relaxing)
 .debug_str     0x00003100      0x211 sensors.o
                                0x50b (size before relaxing)
 .debug_str     0x00003311      0x316 twi_master_driver.o
                                0x678 (size before relaxing)
 .debug_str     0x00003627      0x1e4 twi_slave_driver.o
                                0x570 (size before relaxing)
 .debug_str     0x0000380b       0x66 virtual_register.o
                                0x24a (size before relaxing)
 .debug_str     0x00003871       0x25 zebro_alert.o
                                0x2a6 (size before relaxing)

.debug_loc      0x00000000     0x1fee
 *(.debug_loc)
 .debug_loc     0x00000000      0x1d5 adc.o
 .debug_loc     0x000001d5       0x83 error.o
 .debug_loc     0x00000258      0x336 main.o
 .debug_loc     0x0000058e       0x4f mppt.o
 .debug_loc     0x000005dd       0xc7 pwm.o
 .debug_loc     0x000006a4      0xec6 sensors.o
 .debug_loc     0x0000156a      0x637 twi_master_driver.o
 .debug_loc     0x00001ba1      0x3d5 twi_slave_driver.o
 .debug_loc     0x00001f76       0x78 virtual_register.o

.debug_macinfo
 *(.debug_macinfo)

.debug_weaknames
 *(.debug_weaknames)

.debug_funcnames
 *(.debug_funcnames)

.debug_typenames
 *(.debug_typenames)

.debug_varnames
 *(.debug_varnames)

.debug_pubtypes
 *(.debug_pubtypes)

.debug_ranges   0x00000000      0x210
 *(.debug_ranges)
 .debug_ranges  0x00000000       0x28 adc.o
 .debug_ranges  0x00000028       0x20 error.o
 .debug_ranges  0x00000048       0x28 main.o
 .debug_ranges  0x00000070       0x18 mppt.o
 .debug_ranges  0x00000088       0x30 pwm.o
 .debug_ranges  0x000000b8       0x50 sensors.o
 .debug_ranges  0x00000108       0x60 twi_master_driver.o
 .debug_ranges  0x00000168       0x50 twi_slave_driver.o
 .debug_ranges  0x000001b8       0x38 virtual_register.o
 .debug_ranges  0x000001f0       0x20 zebro_alert.o

.debug_macro
 *(.debug_macro)
OUTPUT(LegTest.elf elf32-avr)
LOAD linker stubs
